
 Start         Length     Name                   Class
 0001:00401000 000BE3A4H .text                   CODE
 0002:004C0000 00000A2CH .itext                  ICODE
 0003:004C1000 00005584H .data                   DATA
 0004:004C7000 00004810H .bss                    BSS
 0005:00000000 0000023CH .tls                    TLS


Detailed map of segments

 0001:00000000 00006111 C=CODE     S=.text    G=(none)   M=System   ACBP=A9
 0001:00006114 00000105 C=CODE     S=.text    G=(none)   M=SysInit  ACBP=A9
 0001:0000621C 00000058 C=CODE     S=.text    G=(none)   M=Types    ACBP=A9
 0001:00006274 00001358 C=CODE     S=.text    G=(none)   M=Windows  ACBP=A9
 0001:000075CC 000001DD C=CODE     S=.text    G=(none)   M=madTypes ACBP=A9
 0001:000077AC 000039F8 C=CODE     S=.text    G=(none)   M=madStrings ACBP=A9
 0001:0000B1A4 000011D8 C=CODE     S=.text    G=(none)   M=madNVPrgrAlert ACBP=A9
 0001:0000C37C 000048F8 C=CODE     S=.text    G=(none)   M=madZip   ACBP=A9
 0001:00010C74 00002D1C C=CODE     S=.text    G=(none)   M=madNVBitmap ACBP=A9
 0001:00013990 000036D9 C=CODE     S=.text    G=(none)   M=madTools ACBP=A9
 0001:0001706C 00000A87 C=CODE     S=.text    G=(none)   M=madCrypt ACBP=A9
 0001:00017AF4 00006A78 C=CODE     S=.text    G=(none)   M=madDisAsm ACBP=A9
 0001:0001E56C 0000593D C=CODE     S=.text    G=(none)   M=madMapFile ACBP=A9
 0001:00023EAC 000064D0 C=CODE     S=.text    G=(none)   M=madNVAssistant ACBP=A9
 0001:0002A37C 00004B4A C=CODE     S=.text    G=(none)   M=madStackTrace ACBP=A9
 0001:0002EEC8 00000086 C=CODE     S=.text    G=(none)   M=WinSock  ACBP=A9
 0001:0002EF50 000002D8 C=CODE     S=.text    G=(none)   M=SysConst ACBP=A9
 0001:0002F228 00000016 C=CODE     S=.text    G=(none)   M=ShellAPI ACBP=A9
 0001:0002F240 00000009 C=CODE     S=.text    G=(none)   M=ActiveX  ACBP=A9
 0001:0002F24C 000000A6 C=CODE     S=.text    G=(none)   M=CommCtrl ACBP=A9
 0001:0002F2F4 00000016 C=CODE     S=.text    G=(none)   M=CommDlg  ACBP=A9
 0001:0002F30C 000347DA C=CODE     S=.text    G=(none)   M=madExcept ACBP=A9
 0001:00063AE8 0000002E C=CODE     S=.text    G=(none)   M=madLinkDisAsm ACBP=A9
 0001:00063B18 00000EF4 C=CODE     S=.text    G=(none)   M=madListHardware ACBP=A9
 0001:00064A0C 00000BF0 C=CODE     S=.text    G=(none)   M=madListProcesses ACBP=A9
 0001:000655FC 0000053C C=CODE     S=.text    G=(none)   M=madListModules ACBP=A9
 0001:00065B38 000068F5 C=CODE     S=.text    G=(none)   M=SysUtils ACBP=A9
 0001:0006C430 000007F6 C=CODE     S=.text    G=(none)   M=VarUtils ACBP=A9
 0001:0006CC28 000036F8 C=CODE     S=.text    G=(none)   M=Variants ACBP=A9
 0001:00070320 000000F8 C=CODE     S=.text    G=(none)   M=RTLConsts ACBP=A9
 0001:00070418 00000887 C=CODE     S=.text    G=(none)   M=TypInfo  ACBP=A9
 0001:00070CA0 00009D0D C=CODE     S=.text    G=(none)   M=Classes  ACBP=A9
 0001:0007A9B0 00000275 C=CODE     S=.text    G=(none)   M=Contnrs  ACBP=A9
 0001:0007AC28 00001100 C=CODE     S=.text    G=(none)   M=HelpIntfs ACBP=A9
 0001:0007BD28 00000772 C=CODE     S=.text    G=(none)   M=MultiMon ACBP=A9
 0001:0007C49C 00000220 C=CODE     S=.text    G=(none)   M=Consts   ACBP=A9
 0001:0007C6BC 0000005D C=CODE     S=.text    G=(none)   M=IniFiles ACBP=A9
 0001:0007C71C 000005AD C=CODE     S=.text    G=(none)   M=Registry ACBP=A9
 0001:0007CCCC 0000760A C=CODE     S=.text    G=(none)   M=Graphics ACBP=A9
 0001:000842D8 0000016A C=CODE     S=.text    G=(none)   M=SyncObjs ACBP=A9
 0001:00084444 0000099D C=CODE     S=.text    G=(none)   M=UxTheme  ACBP=A9
 0001:00084DE4 0000945E C=CODE     S=.text    G=(none)   M=StdCtrls ACBP=A9
 0001:0008E244 0000003A C=CODE     S=.text    G=(none)   M=Printers ACBP=A9
 0001:0008E280 00000D59 C=CODE     S=.text    G=(none)   M=GraphUtil ACBP=A9
 0001:0008EFDC 00000316 C=CODE     S=.text    G=(none)   M=ExtCtrls ACBP=A9
 0001:0008F2F4 00000674 C=CODE     S=.text    G=(none)   M=Dialogs  ACBP=A9
 0001:0008F968 0000003A C=CODE     S=.text    G=(none)   M=Clipbrd  ACBP=A9
 0001:0008F9A4 0000012D C=CODE     S=.text    G=(none)   M=StdActns ACBP=A9
 0001:0008FAD4 0000030E C=CODE     S=.text    G=(none)   M=FlatSB   ACBP=A9
 0001:0008FDE4 00000AD2 C=CODE     S=.text    G=(none)   M=Themes   ACBP=A9
 0001:000908B8 00006A81 C=CODE     S=.text    G=(none)   M=Menus    ACBP=A9
 0001:0009733C 0001392C C=CODE     S=.text    G=(none)   M=Controls ACBP=A9
 0001:000AAC68 000016B5 C=CODE     S=.text    G=(none)   M=ImgList  ACBP=A9
 0001:000AC320 00001332 C=CODE     S=.text    G=(none)   M=ActnList ACBP=A9
 0001:000AD654 0000DF88 C=CODE     S=.text    G=(none)   M=Forms    ACBP=A9
 0001:000BB5DC 00000121 C=CODE     S=.text    G=(none)   M=ControlLayoutItem ACBP=A9
 0001:000BB700 00000134 C=CODE     S=.text    G=(none)   M=AuxDebugFunctionsUnit ACBP=A9
 0001:000BB834 00000253 C=CODE     S=.text    G=(none)   M=LayoutItem ACBP=A9
 0001:000BBA88 0000064D C=CODE     S=.text    G=(none)   M=LayoutManager ACBP=A9
 0001:000BC0D8 000007F7 C=CODE     S=.text    G=(none)   M=BoxLayoutManager ACBP=A9
 0001:000BC8D0 00000329 C=CODE     S=.text    G=(none)   M=HorizontalBoxLayoutManager ACBP=A9
 0001:000BCBFC 00000329 C=CODE     S=.text    G=(none)   M=VerticalBoxLayoutManager ACBP=A9
 0001:000BCF28 000000AB C=CODE     S=.text    G=(none)   M=VariantTypeUnit ACBP=A9
 0001:000BCFD4 0000020D C=CODE     S=.text    G=(none)   M=VariantListUnit ACBP=A9
 0001:000BD1E4 0000090D C=CODE     S=.text    G=(none)   M=ColumnarCellAlignedLayoutManager ACBP=A9
 0001:000BDAF4 00000610 C=CODE     S=.text    G=(none)   M=TestLayoutManagersForm ACBP=A9
 0001:000BE104 000002A0 C=CODE     S=.text    G=(none)   M=TestLayoutManagersProject ACBP=A9
 0002:00000000 00000095 C=ICODE    S=.itext   G=(none)   M=System   ACBP=A9
 0002:00000098 00000011 C=ICODE    S=.itext   G=(none)   M=Windows  ACBP=A9
 0002:000000AC 00000008 C=ICODE    S=.itext   G=(none)   M=madStrings ACBP=A9
 0002:000000B4 0000002F C=ICODE    S=.itext   G=(none)   M=madTools ACBP=A9
 0002:000000E4 00000008 C=ICODE    S=.itext   G=(none)   M=madDisAsm ACBP=A9
 0002:000000EC 00000047 C=ICODE    S=.itext   G=(none)   M=madMapFile ACBP=A9
 0002:00000134 0000003B C=ICODE    S=.itext   G=(none)   M=madStackTrace ACBP=A9
 0002:00000170 000000E4 C=ICODE    S=.itext   G=(none)   M=madExcept ACBP=A9
 0002:00000254 00000017 C=ICODE    S=.itext   G=(none)   M=madLinkDisAsm ACBP=A9
 0002:0000026C 00000074 C=ICODE    S=.itext   G=(none)   M=madListHardware ACBP=A9
 0002:000002E0 00000070 C=ICODE    S=.itext   G=(none)   M=madListProcesses ACBP=A9
 0002:00000350 00000068 C=ICODE    S=.itext   G=(none)   M=madListModules ACBP=A9
 0002:000003B8 00000088 C=ICODE    S=.itext   G=(none)   M=SysUtils ACBP=A9
 0002:00000440 0000000F C=ICODE    S=.itext   G=(none)   M=VarUtils ACBP=A9
 0002:00000450 000000AA C=ICODE    S=.itext   G=(none)   M=Variants ACBP=A9
 0002:000004FC 00000008 C=ICODE    S=.itext   G=(none)   M=TypInfo  ACBP=A9
 0002:00000504 00000092 C=ICODE    S=.itext   G=(none)   M=Classes  ACBP=A9
 0002:00000598 00000008 C=ICODE    S=.itext   G=(none)   M=HelpIntfs ACBP=A9
 0002:000005A0 0000000F C=ICODE    S=.itext   G=(none)   M=MultiMon ACBP=A9
 0002:000005B0 00000008 C=ICODE    S=.itext   G=(none)   M=IniFiles ACBP=A9
 0002:000005B8 00000008 C=ICODE    S=.itext   G=(none)   M=Registry ACBP=A9
 0002:000005C0 000000FB C=ICODE    S=.itext   G=(none)   M=Graphics ACBP=A9
 0002:000006BC 0000001B C=ICODE    S=.itext   G=(none)   M=UxTheme  ACBP=A9
 0002:000006D8 00000008 C=ICODE    S=.itext   G=(none)   M=Printers ACBP=A9
 0002:000006E0 0000007F C=ICODE    S=.itext   G=(none)   M=GraphUtil ACBP=A9
 0002:00000760 00000044 C=ICODE    S=.itext   G=(none)   M=ExtCtrls ACBP=A9
 0002:000007A4 0000003D C=ICODE    S=.itext   G=(none)   M=Dialogs  ACBP=A9
 0002:000007E4 00000058 C=ICODE    S=.itext   G=(none)   M=Clipbrd  ACBP=A9
 0002:0000083C 0000000F C=ICODE    S=.itext   G=(none)   M=FlatSB   ACBP=A9
 0002:0000084C 00000008 C=ICODE    S=.itext   G=(none)   M=Themes   ACBP=A9
 0002:00000854 00000085 C=ICODE    S=.itext   G=(none)   M=Menus    ACBP=A9
 0002:000008DC 0000008F C=ICODE    S=.itext   G=(none)   M=Controls ACBP=A9
 0002:0000096C 0000002A C=ICODE    S=.itext   G=(none)   M=ActnList ACBP=A9
 0002:00000998 0000004C C=ICODE    S=.itext   G=(none)   M=Forms    ACBP=A9
 0002:000009E4 00000045 C=ICODE    S=.itext   G=(none)   M=TestLayoutManagersProject ACBP=A9
 0003:00000000 00000790 C=DATA     S=.data    G=DGROUP   M=System   ACBP=A9
 0003:00000790 00000020 C=DATA     S=.data    G=DGROUP   M=SysInit  ACBP=A9
 0003:000007B0 000002DC C=DATA     S=.data    G=DGROUP   M=madStrings ACBP=A9
 0003:00000A8C 000010C4 C=DATA     S=.data    G=DGROUP   M=madZip   ACBP=A9
 0003:00001B50 000000A0 C=DATA     S=.data    G=DGROUP   M=madTools ACBP=A9
 0003:00001BF0 0000108C C=DATA     S=.data    G=DGROUP   M=madCrypt ACBP=A9
 0003:00002C7C 0000084D C=DATA     S=.data    G=DGROUP   M=madDisAsm ACBP=A9
 0003:000034CC 00000020 C=DATA     S=.data    G=DGROUP   M=madMapFile ACBP=A9
 0003:000034EC 00000010 C=DATA     S=.data    G=DGROUP   M=madNVAssistant ACBP=A9
 0003:000034FC 00000004 C=DATA     S=.data    G=DGROUP   M=madStackTrace ACBP=A9
 0003:00003500 00000B60 C=DATA     S=.data    G=DGROUP   M=madExcept ACBP=A9
 0003:00004060 00000018 C=DATA     S=.data    G=DGROUP   M=madListProcesses ACBP=A9
 0003:00004078 00000250 C=DATA     S=.data    G=DGROUP   M=SysUtils ACBP=A9
 0003:000042C8 00000008 C=DATA     S=.data    G=DGROUP   M=VarUtils ACBP=A9
 0003:000042D0 0000008E C=DATA     S=.data    G=DGROUP   M=Variants ACBP=A9
 0003:00004360 0000000C C=DATA     S=.data    G=DGROUP   M=TypInfo  ACBP=A9
 0003:0000436C 00000064 C=DATA     S=.data    G=DGROUP   M=Classes  ACBP=A9
 0003:000043D0 00000008 C=DATA     S=.data    G=DGROUP   M=IniFiles ACBP=A9
 0003:000043D8 00000008 C=DATA     S=.data    G=DGROUP   M=Registry ACBP=A9
 0003:000043E0 0000030C C=DATA     S=.data    G=DGROUP   M=Graphics ACBP=A9
 0003:000046EC 00000110 C=DATA     S=.data    G=DGROUP   M=StdCtrls ACBP=A9
 0003:000047FC 00000004 C=DATA     S=.data    G=DGROUP   M=Printers ACBP=A9
 0003:00004800 00000450 C=DATA     S=.data    G=DGROUP   M=GraphUtil ACBP=A9
 0003:00004C50 00000074 C=DATA     S=.data    G=DGROUP   M=Dialogs  ACBP=A9
 0003:00004CC4 00000068 C=DATA     S=.data    G=DGROUP   M=Themes   ACBP=A9
 0003:00004D2C 000000F4 C=DATA     S=.data    G=DGROUP   M=Menus    ACBP=A9
 0003:00004E20 0000013C C=DATA     S=.data    G=DGROUP   M=Controls ACBP=A9
 0003:00004F5C 00000020 C=DATA     S=.data    G=DGROUP   M=ImgList  ACBP=A9
 0003:00004F7C 00000128 C=DATA     S=.data    G=DGROUP   M=Forms    ACBP=A9
 0003:000050A4 00000004 C=DATA     S=.data    G=DGROUP   M=LayoutItem ACBP=A9
 0004:00000000 000027F0 C=BSS      S=.bss     G=DGROUP   M=System   ACBP=A9
 0004:000027F0 0000000C C=BSS      S=.bss     G=DGROUP   M=SysInit  ACBP=A9
 0004:000027FC 00000008 C=BSS      S=.bss     G=DGROUP   M=Windows  ACBP=A9
 0004:00002804 0000000C C=BSS      S=.bss     G=DGROUP   M=madStrings ACBP=A9
 0004:00002810 00001110 C=BSS      S=.bss     G=DGROUP   M=madZip   ACBP=A9
 0004:00003920 00000028 C=BSS      S=.bss     G=DGROUP   M=madTools ACBP=A9
 0004:00003948 00000004 C=BSS      S=.bss     G=DGROUP   M=madDisAsm ACBP=A9
 0004:0000394C 00000008 C=BSS      S=.bss     G=DGROUP   M=madMapFile ACBP=A9
 0004:00003954 0000002C C=BSS      S=.bss     G=DGROUP   M=madStackTrace ACBP=A9
 0004:00003980 000000E0 C=BSS      S=.bss     G=DGROUP   M=madExcept ACBP=A9
 0004:00003A60 00000004 C=BSS      S=.bss     G=DGROUP   M=madLinkDisAsm ACBP=A9
 0004:00003A64 00000004 C=BSS      S=.bss     G=DGROUP   M=madListHardware ACBP=A9
 0004:00003A68 00000004 C=BSS      S=.bss     G=DGROUP   M=madListProcesses ACBP=A9
 0004:00003A6C 00000004 C=BSS      S=.bss     G=DGROUP   M=madListModules ACBP=A9
 0004:00003A70 00000A20 C=BSS      S=.bss     G=DGROUP   M=SysUtils ACBP=A9
 0004:00004490 0000005C C=BSS      S=.bss     G=DGROUP   M=VarUtils ACBP=A9
 0004:000044EC 00000040 C=BSS      S=.bss     G=DGROUP   M=Variants ACBP=A9
 0004:0000452C 00000004 C=BSS      S=.bss     G=DGROUP   M=TypInfo  ACBP=A9
 0004:00004530 00000040 C=BSS      S=.bss     G=DGROUP   M=Classes  ACBP=A9
 0004:00004570 00000008 C=BSS      S=.bss     G=DGROUP   M=HelpIntfs ACBP=A9
 0004:00004578 00000031 C=BSS      S=.bss     G=DGROUP   M=MultiMon ACBP=A9
 0004:000045AC 00000004 C=BSS      S=.bss     G=DGROUP   M=IniFiles ACBP=A9
 0004:000045B0 00000004 C=BSS      S=.bss     G=DGROUP   M=Registry ACBP=A9
 0004:000045B4 00000060 C=BSS      S=.bss     G=DGROUP   M=Graphics ACBP=A9
 0004:00004614 000000CC C=BSS      S=.bss     G=DGROUP   M=UxTheme  ACBP=A9
 0004:000046E0 00000004 C=BSS      S=.bss     G=DGROUP   M=Printers ACBP=A9
 0004:000046E4 00000004 C=BSS      S=.bss     G=DGROUP   M=GraphUtil ACBP=A9
 0004:000046E8 00000008 C=BSS      S=.bss     G=DGROUP   M=ExtCtrls ACBP=A9
 0004:000046F0 0000000C C=BSS      S=.bss     G=DGROUP   M=Dialogs  ACBP=A9
 0004:000046FC 0000000C C=BSS      S=.bss     G=DGROUP   M=Clipbrd  ACBP=A9
 0004:00004708 00000034 C=BSS      S=.bss     G=DGROUP   M=FlatSB   ACBP=A9
 0004:0000473C 00000008 C=BSS      S=.bss     G=DGROUP   M=Themes   ACBP=A9
 0004:00004744 00000010 C=BSS      S=.bss     G=DGROUP   M=Menus    ACBP=A9
 0004:00004754 00000088 C=BSS      S=.bss     G=DGROUP   M=Controls ACBP=A9
 0004:000047DC 00000008 C=BSS      S=.bss     G=DGROUP   M=ImgList  ACBP=A9
 0004:000047E4 00000004 C=BSS      S=.bss     G=DGROUP   M=ActnList ACBP=A9
 0004:000047E8 00000024 C=BSS      S=.bss     G=DGROUP   M=Forms    ACBP=A9
 0004:0000480C 00000004 C=BSS      S=.bss     G=DGROUP   M=TestLayoutManagersForm ACBP=A9
 0005:00000000 00000008 C=TLS      S=.tls     G=(none)   M=System   ACBP=A9
 0005:00000008 00000208 C=TLS      S=.tls     G=(none)   M=madExcept ACBP=A9
 0005:00000210 00000008 C=TLS      S=.tls     G=(none)   M=Classes  ACBP=A9
 0005:00000218 00000024 C=TLS      S=.tls     G=(none)   M=GraphUtil ACBP=A9


  Address             Publics by Name

 0001:0002F240       ActiveX.Succeeded
 0004:000047E4       ActnList..9
 0001:000AC748       ActnList..TActionLink
 0001:000AC320       ActnList..TContainedAction
 0001:000AC640       ActnList..TCustomAction
 0001:000AC444       ActnList..TCustomActionList
 0001:000AC524       ActnList..TShortCutList
 0002:0000096C       ActnList.ActnList
 0001:000AD624       ActnList.Finalization
 0001:000ACE38       ActnList.TActionLink.IsCaptionLinked
 0001:000ACE4C       ActnList.TActionLink.IsCheckedLinked
 0001:000ACE60       ActnList.TActionLink.IsEnabledLinked
 0001:000ACE74       ActnList.TActionLink.IsGroupIndexLinked
 0001:000ACE88       ActnList.TActionLink.IsHelpContextLinked
 0001:000ACE9C       ActnList.TActionLink.IsHelpLinked
 0001:000ACEB0       ActnList.TActionLink.IsHintLinked
 0001:000ACEC4       ActnList.TActionLink.IsImageIndexLinked
 0001:000ACED8       ActnList.TActionLink.IsShortCutLinked
 0001:000ACEEC       ActnList.TActionLink.IsVisibleLinked
 0001:000ACF00       ActnList.TActionLink.SetAutoCheck
 0001:000ACF04       ActnList.TActionLink.SetCaption
 0001:000ACF08       ActnList.TActionLink.SetChecked
 0001:000ACF0C       ActnList.TActionLink.SetEnabled
 0001:000ACF10       ActnList.TActionLink.SetGroupIndex
 0001:000ACF14       ActnList.TActionLink.SetHelpContext
 0001:000ACF18       ActnList.TActionLink.SetHelpKeyword
 0001:000ACF1C       ActnList.TActionLink.SetHelpType
 0001:000ACF20       ActnList.TActionLink.SetHint
 0001:000ACF24       ActnList.TActionLink.SetImageIndex
 0001:000ACF28       ActnList.TActionLink.SetShortCut
 0001:000ACF2C       ActnList.TActionLink.SetVisible
 0001:000AC818       ActnList.TContainedAction.Destroy
 0001:000AC984       ActnList.TContainedAction.Execute
 0001:000AC84C       ActnList.TContainedAction.GetIndex
 0001:000AC868       ActnList.TContainedAction.GetParentComponent
 0001:000AC878       ActnList.TContainedAction.HasParent
 0001:000AC864       ActnList.TContainedAction.IsCategoryStored
 0001:000AC888       ActnList.TContainedAction.ReadState
 0001:000AC930       ActnList.TContainedAction.SetActionList
 0001:000AC904       ActnList.TContainedAction.SetCategory
 0001:000AC8BC       ActnList.TContainedAction.SetIndex
 0001:000AC958       ActnList.TContainedAction.SetParentComponent
 0001:000AC9DC       ActnList.TContainedAction.Update
 0001:000ACFD4       ActnList.TCustomAction.AssignTo
 0001:000ACF30       ActnList.TCustomAction.Create
 0001:000ACF84       ActnList.TCustomAction.Destroy
 0001:000AD4F4       ActnList.TCustomAction.DoHint
 0001:000AD51C       ActnList.TCustomAction.Execute
 0001:000AD580       ActnList.TCustomAction.GetSecondaryShortCuts
 0001:000AD5A8       ActnList.TCustomAction.HandleShortCut
 0001:000AD084       ActnList.TCustomAction.SetCaption
 0001:000AD0E4       ActnList.TCustomAction.SetChecked
 0001:000AD1EC       ActnList.TCustomAction.SetEnabled
 0001:000AD2D0       ActnList.TCustomAction.SetHelpContext
 0001:000AD268       ActnList.TCustomAction.SetHelpKeyword
 0001:000AD328       ActnList.TCustomAction.SetHint
 0001:000AD388       ActnList.TCustomAction.SetImageIndex
 0001:000AD4A8       ActnList.TCustomAction.SetName
 0001:000AD3E4       ActnList.TCustomAction.SetShortCut
 0001:000AD448       ActnList.TCustomAction.SetVisible
 0001:000ACC0C       ActnList.TCustomActionList.AddAction
 0001:000ACC48       ActnList.TCustomActionList.Change
 0001:000ACA34       ActnList.TCustomActionList.Create
 0001:000ACAA0       ActnList.TCustomActionList.Destroy
 0001:000ACD54       ActnList.TCustomActionList.ExecuteAction
 0001:000ACB68       ActnList.TCustomActionList.GetAction
 0001:000ACB7C       ActnList.TCustomActionList.GetActionCount
 0001:000ACAF0       ActnList.TCustomActionList.GetChildren
 0001:000ACBB8       ActnList.TCustomActionList.ImageListChange
 0001:000ACCB0       ActnList.TCustomActionList.IsShortCut
 0001:000ACBC4       ActnList.TCustomActionList.Notification
 0001:000ACC2C       ActnList.TCustomActionList.RemoveAction
 0001:000ACB38       ActnList.TCustomActionList.SetChildOrder
 0001:000ACB84       ActnList.TCustomActionList.SetImages
 0001:000ACD94       ActnList.TCustomActionList.SetState
 0001:000ACD74       ActnList.TCustomActionList.UpdateAction
 0001:000AD5B4       ActnList.TShortCutList.Add
 0001:000AD5E0       ActnList.TShortCutList.IndexOfShortCut
 0001:000BB700       AuxDebugFunctionsUnit.DebugOutput
 0001:000BC0D8       BoxLayoutManager..TBoxedLayoutItemVisualSettingsHolder
 0001:000BC1C8       BoxLayoutManager..TBoxedLayoutItemVisualSettingsHolders
 0001:000BC14C       BoxLayoutManager..TBoxedLayoutItemVisualSettingsHoldersEnumerator
 0001:000BC24C       BoxLayoutManager..TBoxLayoutManager
 0001:000BC2F8       BoxLayoutManager..TBoxLayoutManagerBuilder
 0001:000BC368       BoxLayoutManager.TBoxedLayoutItemVisualSettingsHolder.Create
 0001:000BC3A4       BoxLayoutManager.TBoxedLayoutItemVisualSettingsHolder.GetGap
 0001:000BC3A8       BoxLayoutManager.TBoxedLayoutItemVisualSettingsHolder.SetGap
 0001:000BC69C       BoxLayoutManager.TBoxedLayoutItemVisualSettingsHolders.FindBefore
 0001:000BC6BC       BoxLayoutManager.TBoxedLayoutItemVisualSettingsHolders.FindFirst
 0001:000BC6C8       BoxLayoutManager.TBoxedLayoutItemVisualSettingsHolders.FindLast
 0001:000BC6D4       BoxLayoutManager.TBoxedLayoutItemVisualSettingsHolders.GetBoxedLayoutItemVisualSettingsHolderByIndex
 0001:000BC6F4       BoxLayoutManager.TBoxedLayoutItemVisualSettingsHolders.GetEnumerator
 0001:000BC704       BoxLayoutManager.TBoxedLayoutItemVisualSettingsHoldersEnumerator.Create
 0001:000BC73C       BoxLayoutManager.TBoxedLayoutItemVisualSettingsHoldersEnumerator.GetCurrentBoxedLayoutItemVisualSettingsHolder
 0001:000BC3AC       BoxLayoutManager.TBoxLayoutManager.AddControl
 0001:000BC3D0       BoxLayoutManager.TBoxLayoutManager.AddLayoutItem
 0001:000BC40C       BoxLayoutManager.TBoxLayoutManager.AddLayoutManager
 0001:000BC414       BoxLayoutManager.TBoxLayoutManager.ApplyVisualSettingsForLayoutItem
 0001:000BC450       BoxLayoutManager.TBoxLayoutManager.CreateLayoutItemVisualSettingsHolder
 0001:000BC460       BoxLayoutManager.TBoxLayoutManager.CreateLayoutItemVisualSettingsHolderList
 0001:000BC470       BoxLayoutManager.TBoxLayoutManager.GetBoxedLayoutItemVisualSettingsHolders
 0001:000BC484       BoxLayoutManager.TBoxLayoutManager.GetHeight
 0001:000BC4BC       BoxLayoutManager.TBoxLayoutManager.GetLeft
 0001:000BC4D4       BoxLayoutManager.TBoxLayoutManager.GetTop
 0001:000BC4F0       BoxLayoutManager.TBoxLayoutManager.GetWidth
 0001:000BC694       BoxLayoutManager.TBoxLayoutManager.SetHeight
 0001:000BC698       BoxLayoutManager.TBoxLayoutManager.SetWidth
 0001:000BC7CC       BoxLayoutManager.TBoxLayoutManagerBuilder.AddControl
 0001:000BC754       BoxLayoutManager.TBoxLayoutManagerBuilder.AddControls
 0001:000BC7EC       BoxLayoutManager.TBoxLayoutManagerBuilder.AddLayoutManager
 0001:000BC80C       BoxLayoutManager.TBoxLayoutManagerBuilder.AddLayoutManagers
 0001:000BC884       BoxLayoutManager.TBoxLayoutManagerBuilder.Create
 0001:000BC8BC       BoxLayoutManager.TBoxLayoutManagerBuilder.GetBoxLayoutManager
 0004:0000453C       Classes..95
 0001:00071210       Classes..EBitsError
 0001:00071100       Classes..EClassNotFound
 0001:000712C8       Classes..EComponentError
 0001:00070F44       Classes..EFCreateError
 0001:00070FF8       Classes..EFilerError
 0001:00070EE4       Classes..EFileStreamError
 0001:00070FA0       Classes..EFOpenError
 0001:00071380       Classes..EInvalidOperation
 0001:000711B8       Classes..EListError
 0001:00071324       Classes..EOutOfResources
 0001:00071050       Classes..EReadError
 0001:0007115C       Classes..EResNotFound
 0001:00070E88       Classes..EStreamError
 0001:00071268       Classes..EStringListError
 0001:00071F48       Classes..EThread
 0001:000710A8       Classes..EWriteError
 0001:00072270       Classes..TBasicAction
 0001:000721F0       Classes..TBasicActionLink
 0001:000714F8       Classes..TBits
 0001:00071DF4       Classes..TClassFinder
 0001:00072090       Classes..TComponent
 0001:00071AE8       Classes..TCustomMemoryStream
 0001:00071E50       Classes..TFiler
 0001:00071A60       Classes..TFileStream
 0001:000719E8       Classes..THandleStream
 0001:00073118       Classes..TIntConst
 0001:0007163C       Classes..TInterfacedPersistent
 0001:0007143C       Classes..TList
 0001:000713E0       Classes..TListEnumerator
 0001:00071B64       Classes..TMemoryStream
 0001:0007154C       Classes..TPersistent
 0001:00076190       Classes..TPropFixup
 0001:00076208       Classes..TPropIntfFixup
 0001:00071EB4       Classes..TReader
 0001:000723F4       Classes..TRegGroup
 0001:0007244C       Classes..TRegGroups
 0001:00071BE0       Classes..TResourceStream
 0001:00071978       Classes..TStream
 0001:00071D6C       Classes..TStreamAdapter
 0001:00071860       Classes..TStringList
 0001:00071728       Classes..TStrings
 0001:000714A0       Classes..TThreadList
 0001:000730BC       Classes.ActivateClassGroup
 0003:0000436C       Classes.AddDataModule
 0001:00076468       Classes.AddFinished
 0001:000764A0       Classes.AddNotFinished
 0001:00077014       Classes.AddSubComponentsToLoaded
 0001:0007A824       Classes.AllocateHWnd
 0003:0000437C       Classes.ApplicationHandleException
 0003:00004384       Classes.ApplicationShowException
 0001:00073414       Classes.BeginGlobalLoading
 0003:000043A4       Classes.BlockCode
 0001:000723B8       Classes.Bounds
 0001:0007A760       Classes.CalcJmpOffset
 0001:00077050       Classes.CheckSubComponents
 0001:000794D0       Classes.CheckSynchronize
 0002:00000504       Classes.Classes
 0001:00072E80       Classes.ClassNotFound
 0001:00077130       Classes.ComponentCreated
 0001:000771B0       Classes.CreateComponent
 0001:0007A8D8       Classes.DeallocateHWnd
 0001:00079490       Classes.DoneThreadSynchronization
 0001:000742DC       Classes.DoWrite
 0001:0007349C       Classes.EndGlobalLoading
 0001:00072A20       Classes.Error
 0001:00075FC8       Classes.Error
 0003:00004394       Classes.FilerSignature
 0001:0007A900       Classes.Finalization
 0001:00072F40       Classes.FindClass
 0001:00077360       Classes.FindExistingComponent
 0001:0007332C       Classes.FindGlobalComponent
 0004:00004548       Classes.FindGlobalComponentProcs
 0001:000731D4       Classes.FindIdentToInt
 0001:0007639C       Classes.FindNestedComponent
 0001:000782B0       Classes.FindUniqueName
 0001:0007A6CC       Classes.FreeIntConstList
 0001:0007A800       Classes.FreeObjectInstance
 0001:00072EEC       Classes.GetClass
 0001:00072E74       Classes.GetFieldClassTable
 0004:0000454C       Classes.GlobalFixupList
 0001:000764E8       Classes.GlobalFixupReferences
 0005:00000214       Classes.GlobalLists
 0005:00000210       Classes.GlobalLoaded
 0004:00004530       Classes.GlobalNameSpace
 0001:00073068       Classes.GroupDescendentsWith
 0001:00077AD4       Classes.HandleException
 0001:00073250       Classes.IdentToInt
 0001:000734F8       Classes.InitComponent
 0001:000735A0       Classes.InitInheritedComponent
 0001:0007945C       Classes.InitThreadSynchronization
 0004:00004568       Classes.InstBlockList
 0004:0000456C       Classes.InstFreeList
 0004:00004540       Classes.IntConstList
 0001:00073390       Classes.InternalReadComponentRes
 0001:00073290       Classes.IntToIdent
 0001:000723E0       Classes.InvalidPoint
 0001:0007336C       Classes.IsUniqueGlobalComponentName
 0004:00004534       Classes.IsUniqueGlobalComponentNameProc
 0001:0007A768       Classes.MakeObjectInstance
 0001:00073C78       Classes.Min
 0001:0007A738       Classes.ModuleUnload
 0003:00004398       Classes.NilMethod
 0001:0007346C       Classes.NotifyGlobalLoading
 0001:00072368       Classes.Point
 0001:000727AC       Classes.PointerInModule
 0001:00076808       Classes.PropertyNotFound
 0001:00077BD4       Classes.PropPathError
 0001:000767FC       Classes.PropValueError
 0001:000757B8       Classes.RaiseException
 0001:00078E64       Classes.ReadCustomVariant
 0001:000767E4       Classes.ReadError
 0001:00077150       Classes.Recover
 0001:00072390       Classes.Rect
 0004:00004544       Classes.RegGroups
 0001:00072F60       Classes.RegisterClass
 0001:000732D4       Classes.RegisterFindGlobalComponentProc
 0001:000731A8       Classes.RegisterIntegerConsts
 0003:00004374       Classes.RemoveDataModule
 0001:000766B4       Classes.RemoveFixupReferences
 0001:00076760       Classes.RemoveFixups
 0001:00076AF8       Classes.RemoveGlobalFixup
 0001:000794A8       Classes.ResetSyncEvent
 0001:000737A0       Classes.ReturnAddr
 0001:0007443C       Classes.ReturnAddr
 0001:000772C0       Classes.SetCompName
 0001:00076834       Classes.SetElementValue
 0001:00077ED8       Classes.SetInterfaceReference
 0001:00077DF4       Classes.SetIntIdent
 0001:00077E3C       Classes.SetObjectIdent
 0001:000770C8       Classes.SetSubComponentState
 0001:00077E7C       Classes.SetVariantReference
 0001:00078984       Classes.SkipBinary
 0001:000789B4       Classes.SkipCollection
 0001:0007895C       Classes.SkipList
 0001:00072380       Classes.SmallPoint
 0001:0007301C       Classes.StartClassGroup
 0001:0007A740       Classes.StdWndProc
 0001:000755E0       Classes.StringListCompareStrings
 0004:00004538       Classes.SyncEvent
 0003:000043A0       Classes.SyncList
 0001:0007A138       Classes.TBasicAction.Change
 0001:00079FCC       Classes.TBasicAction.Create
 0001:0007A010       Classes.TBasicAction.Destroy
 0001:0007A0A4       Classes.TBasicAction.Execute
 0001:0007A074       Classes.TBasicAction.ExecuteTarget
 0001:0007A070       Classes.TBasicAction.HandlesTarget
 0001:0007A078       Classes.TBasicAction.Notification
 0001:0007A14C       Classes.TBasicAction.RegisterChanges
 0001:0007A198       Classes.TBasicAction.SetActionComponent
 0001:0007A0DC       Classes.TBasicAction.SetOnExecute
 0001:0007A158       Classes.TBasicAction.UnRegisterChanges
 0001:0007A0C0       Classes.TBasicAction.Update
 0001:0007A0A0       Classes.TBasicAction.UpdateTarget
 0001:00079F1C       Classes.TBasicActionLink.AssignClient
 0001:00079F54       Classes.TBasicActionLink.Change
 0001:00079ED8       Classes.TBasicActionLink.Create
 0001:00079F20       Classes.TBasicActionLink.Destroy
 0001:00079F6C       Classes.TBasicActionLink.Execute
 0001:00079FB4       Classes.TBasicActionLink.IsOnExecuteLinked
 0001:00079F88       Classes.TBasicActionLink.SetAction
 0001:00079FB8       Classes.TBasicActionLink.SetOnExecute
 0001:00079FC0       Classes.TBasicActionLink.Update
 0001:00073C30       Classes.TBits.Destroy
 0001:00073C60       Classes.TBits.Error
 0001:00073D54       Classes.TBits.OpenBit
 0001:00073D28       Classes.TBits.SetBit
 0001:00073C84       Classes.TBits.SetSize
 0001:00072C90       Classes.TClassFinder.Create
 0001:00072DBC       Classes.TClassFinder.Destroy
 0001:00072DEC       Classes.TClassFinder.GetClass
 0001:00074054       Classes.TCollection.Add
 0001:00074074       Classes.TCollection.Clear
 0001:00079770       Classes.TComponent.BeforeDestruction
 0001:00079CA8       Classes.TComponent.ChangeName
 0001:000796A8       Classes.TComponent.Create
 0001:00079A38       Classes.TComponent.DefineProperties
 0001:000796F4       Classes.TComponent.Destroy
 0001:00079900       Classes.TComponent.DestroyComponents
 0001:0007995C       Classes.TComponent.Destroying
 0001:00079DE4       Classes.TComponent.ExecuteAction
 0001:00079BC8       Classes.TComponent.FindComponent
 0001:0007977C       Classes.TComponent.FreeNotification
 0001:00079ACC       Classes.TComponent.GetChildOwner
 0001:00079AD0       Classes.TComponent.GetChildParent
 0001:00079AC4       Classes.TComponent.GetChildren
 0001:00079CBC       Classes.TComponent.GetComponent
 0001:00079CE8       Classes.TComponent.GetComponentCount
 0001:00079AD4       Classes.TComponent.GetNamePath
 0001:00079AE8       Classes.TComponent.GetOwner
 0001:00079AF0       Classes.TComponent.GetParentComponent
 0001:00079AC0       Classes.TComponent.HasParent
 0001:00079810       Classes.TComponent.Insert
 0001:00079864       Classes.TComponent.InsertComponent
 0001:00079ED4       Classes.TComponent.IntfGetComponent
 0001:00079B10       Classes.TComponent.Loaded
 0001:000799D8       Classes.TComponent.Notification
 0001:00079B1C       Classes.TComponent.PaletteCreated
 0001:00079E54       Classes.TComponent.QueryInterface
 0001:000797D0       Classes.TComponent.ReadLeft
 0001:00079B20       Classes.TComponent.ReadState
 0001:000797E4       Classes.TComponent.ReadTop
 0001:0007983C       Classes.TComponent.Remove
 0001:000798C8       Classes.TComponent.RemoveComponent
 0001:000799BC       Classes.TComponent.RemoveFreeNotification
 0001:00079998       Classes.TComponent.RemoveNotification
 0001:00079E34       Classes.TComponent.SafeCallException
 0001:00079AEC       Classes.TComponent.SetChildOrder
 0001:00079CF8       Classes.TComponent.SetComponentIndex
 0001:00079D4C       Classes.TComponent.SetDesigning
 0001:00079C18       Classes.TComponent.SetName
 0001:00079AF4       Classes.TComponent.SetParentComponent
 0001:00079D9C       Classes.TComponent.SetReference
 0001:00079E0C       Classes.TComponent.UpdateAction
 0001:00079B04       Classes.TComponent.Updated
 0001:00079E4C       Classes.TComponent.UpdateRegistry
 0001:00079AF8       Classes.TComponent.Updating
 0001:00079BB0       Classes.TComponent.ValidateContainer
 0001:00079BC4       Classes.TComponent.ValidateInsert
 0001:00079B30       Classes.TComponent.ValidateRename
 0001:000797F8       Classes.TComponent.WriteLeft
 0001:00079B28       Classes.TComponent.WriteState
 0001:00079804       Classes.TComponent.WriteTop
 0001:00079E94       Classes.TComponent._AddRef
 0001:00079EB4       Classes.TComponent._Release
 0001:00075D74       Classes.TCustomMemoryStream.Read
 0001:00075DAC       Classes.TCustomMemoryStream.Seek
 0001:00075D6C       Classes.TCustomMemoryStream.SetPointer
 0001:0007611C       Classes.TFiler.Create
 0001:00076164       Classes.TFiler.Destroy
 0001:0007618C       Classes.TFiler.SetRoot
 0001:00075B80       Classes.TFileStream.Create
 0001:00075BC4       Classes.TFileStream.Create
 0001:00075D38       Classes.TFileStream.Destroy
 0001:00075ABC       Classes.THandleStream.Create
 0001:00075AF8       Classes.THandleStream.Read
 0001:00075B18       Classes.THandleStream.Seek
 0001:00075B44       Classes.THandleStream.SetSize
 0001:00075B58       Classes.THandleStream.SetSize
 0001:00075B08       Classes.THandleStream.Write
 0004:00004550       Classes.ThreadLock
 0001:00073170       Classes.TIntConst.Create
 0001:00073F9C       Classes.TInterfacedPersistent.AfterConstruction
 0001:0007402C       Classes.TInterfacedPersistent.QueryInterface
 0001:00073FEC       Classes.TInterfacedPersistent._AddRef
 0001:0007400C       Classes.TInterfacedPersistent._Release
 0001:000736F0       Classes.TList.Add
 0001:00073724       Classes.TList.Clear
 0001:0007373C       Classes.TList.Delete
 0001:000736D0       Classes.TList.Destroy
 0001:000737A4       Classes.TList.Error
 0001:000737DC       Classes.TList.Error
 0001:00073830       Classes.TList.Expand
 0001:00073848       Classes.TList.First
 0001:00073850       Classes.TList.Get
 0001:00073878       Classes.TList.Grow
 0001:000738AC       Classes.TList.IndexOf
 0001:000738CC       Classes.TList.Insert
 0001:00073938       Classes.TList.Last
 0001:00073A64       Classes.TList.Notify
 0001:00073944       Classes.TList.Put
 0001:00073994       Classes.TList.Remove
 0001:000739B4       Classes.TList.SetCapacity
 0001:000739F0       Classes.TList.SetCount
 0001:00073668       Classes.TListEnumerator.Create
 0001:000736AC       Classes.TListEnumerator.GetCurrent
 0001:000736B8       Classes.TListEnumerator.MoveNext
 0001:00075DFC       Classes.TMemoryStream.Clear
 0001:00075DD0       Classes.TMemoryStream.Destroy
 0001:00075E14       Classes.TMemoryStream.LoadFromStream
 0001:00075EA0       Classes.TMemoryStream.Realloc
 0001:00075E4C       Classes.TMemoryStream.SetCapacity
 0001:00075E74       Classes.TMemoryStream.SetSize
 0001:00075F20       Classes.TMemoryStream.Write
 0001:00073DF8       Classes.TPersistent.Assign
 0001:00073E0C       Classes.TPersistent.AssignError
 0001:00073EDC       Classes.TPersistent.AssignTo
 0001:00073EE4       Classes.TPersistent.DefineProperties
 0001:00073DCC       Classes.TPersistent.Destroy
 0001:00073EE8       Classes.TPersistent.GetNamePath
 0001:00073F98       Classes.TPersistent.GetOwner
 0001:00076268       Classes.TPropFixup.Create
 0001:000762C0       Classes.TPropFixup.MakeGlobalReference
 0001:00076308       Classes.TPropFixup.ResolveReference
 0001:00076318       Classes.TPropIntfFixup.ResolveReference
 0001:00076888       Classes.TReader.CheckValue
 0001:000768E8       Classes.TReader.DefineBinaryProperty
 0001:000768AC       Classes.TReader.DefineProperty
 0001:0007684C       Classes.TReader.Destroy
 0001:00076B74       Classes.TReader.DoFixupReferences
 0001:000769D0       Classes.TReader.EndOfList
 0001:000769E4       Classes.TReader.Error
 0001:00078CB0       Classes.TReader.FindAncestorComponent
 0001:00078DA8       Classes.TReader.FindComponentClass
 0001:00076A90       Classes.TReader.FindMethod
 0001:00076A08       Classes.TReader.FindMethodInstance
 0001:00076CB8       Classes.TReader.FlushBuffer
 0001:00076CDC       Classes.TReader.FreeFixups
 0001:00076D18       Classes.TReader.GetFieldClass
 0001:00076DB0       Classes.TReader.GetPosition
 0001:00076DC8       Classes.TReader.NextValue
 0001:00076DD8       Classes.TReader.PropertyError
 0001:00076DEC       Classes.TReader.Read
 0001:00076E74       Classes.TReader.ReadBoolean
 0001:00076E38       Classes.TReader.ReadBuffer
 0001:00076E88       Classes.TReader.ReadChar
 0001:00076F44       Classes.TReader.ReadCollection
 0001:00077404       Classes.TReader.ReadComponent
 0001:00077844       Classes.TReader.ReadCurrency
 0001:00077644       Classes.TReader.ReadData
 0001:000776B4       Classes.TReader.ReadDataInner
 0001:00077894       Classes.TReader.ReadDate
 0001:000777BC       Classes.TReader.ReadDouble
 0001:00077784       Classes.TReader.ReadFloat
 0001:000778D8       Classes.TReader.ReadIdent
 0001:00077A40       Classes.TReader.ReadInt64
 0001:000779D4       Classes.TReader.ReadInteger
 0001:00077A84       Classes.TReader.ReadListBegin
 0001:00077A8C       Classes.TReader.ReadListEnd
 0001:00077A94       Classes.TReader.ReadPrefix
 0001:00077BF0       Classes.TReader.ReadProperty
 0001:00077F98       Classes.TReader.ReadPropValue
 0001:00078310       Classes.TReader.ReadRootComponent
 0001:00078644       Classes.TReader.ReadSet
 0001:00078700       Classes.TReader.ReadSignature
 0001:00077800       Classes.TReader.ReadSingle
 0001:00078724       Classes.TReader.ReadStr
 0001:00078760       Classes.TReader.ReadString
 0001:00078900       Classes.TReader.ReadValue
 0001:0007902C       Classes.TReader.ReadVariant
 0001:00076EE8       Classes.TReader.ReadWideChar
 0001:0007881C       Classes.TReader.ReadWideString
 0001:00078D68       Classes.TReader.ReferenceName
 0001:00078D80       Classes.TReader.SetName
 0001:00078E1C       Classes.TReader.SkipBytes
 0001:00078C08       Classes.TReader.SkipComponent
 0001:00078BC0       Classes.TReader.SkipProperty
 0001:00078914       Classes.TReader.SkipSetBody
 0001:00078A10       Classes.TReader.SkipValue
 0001:000724A4       Classes.TRegGroup.AddClass
 0001:000724B0       Classes.TRegGroup.BestClass
 0001:00072510       Classes.TRegGroup.BestGroup
 0001:00072580       Classes.TRegGroup.Create
 0001:000725DC       Classes.TRegGroup.Destroy
 0001:0007261C       Classes.TRegGroup.GetClass
 0001:00072684       Classes.TRegGroup.InGroup
 0001:000726C8       Classes.TRegGroup.RegisterClass
 0001:00072788       Classes.TRegGroup.Registered
 0001:000727CC       Classes.TRegGroup.UnregisterModuleClasses
 0001:00072878       Classes.TRegGroups.Activate
 0001:000728C4       Classes.TRegGroups.Create
 0001:00072938       Classes.TRegGroups.Destroy
 0001:00072998       Classes.TRegGroups.FindGroup
 0001:000729DC       Classes.TRegGroups.GetClass
 0001:00072AB0       Classes.TRegGroups.GroupWith
 0001:00072B7C       Classes.TRegGroups.Lock
 0001:00072B88       Classes.TRegGroups.RegisterClass
 0001:00072BA0       Classes.TRegGroups.Registered
 0001:00072BE4       Classes.TRegGroups.StartGroup
 0001:00072C34       Classes.TRegGroups.Unlock
 0001:00072C40       Classes.TRegGroups.UnregisterModuleClasses
 0001:00075F70       Classes.TResourceStream.Create
 0001:000760D4       Classes.TResourceStream.Destroy
 0001:00076068       Classes.TResourceStream.Initialize
 0001:00076104       Classes.TResourceStream.Write
 0001:00075968       Classes.TStream.CopyFrom
 0001:000756CC       Classes.TStream.GetPosition
 0001:00075700       Classes.TStream.GetSize
 0001:000758F8       Classes.TStream.ReadBuffer
 0001:00075A5C       Classes.TStream.ReadComponent
 0001:00075888       Classes.TStream.Seek
 0001:00075804       Classes.TStream.Seek
 0001:000756EC       Classes.TStream.SetPosition
 0001:00075764       Classes.TStream.SetSize
 0001:0007574C       Classes.TStream.SetSize
 0001:00075750       Classes.TStream.SetSize64
 0001:00075930       Classes.TStream.WriteBuffer
 0001:0007A6B4       Classes.TStreamAdapter.Clone
 0001:0007A608       Classes.TStreamAdapter.Commit
 0001:0007A400       Classes.TStreamAdapter.CopyTo
 0001:0007A1C4       Classes.TStreamAdapter.Create
 0001:0007A210       Classes.TStreamAdapter.Destroy
 0001:0007A620       Classes.TStreamAdapter.LockRegion
 0001:0007A248       Classes.TStreamAdapter.Read
 0001:0007A614       Classes.TStreamAdapter.Revert
 0001:0007A318       Classes.TStreamAdapter.Seek
 0001:0007A39C       Classes.TStreamAdapter.SetSize
 0001:0007A638       Classes.TStreamAdapter.Stat
 0001:0007A62C       Classes.TStreamAdapter.UnlockRegion
 0001:0007A2B0       Classes.TStreamAdapter.Write
 0001:0007504C       Classes.TStringList.Add
 0001:0007505C       Classes.TStringList.AddObject
 0001:000750C0       Classes.TStringList.Changed
 0001:000750DC       Classes.TStringList.Changing
 0001:000750F8       Classes.TStringList.Clear
 0001:00075648       Classes.TStringList.CompareStrings
 0001:00075610       Classes.TStringList.CustomSort
 0001:00075138       Classes.TStringList.Delete
 0001:00074FF0       Classes.TStringList.Destroy
 0001:000751A4       Classes.TStringList.Exchange
 0001:00075200       Classes.TStringList.ExchangeItems
 0001:00075224       Classes.TStringList.Find
 0001:000752A8       Classes.TStringList.Get
 0001:000752DC       Classes.TStringList.GetCapacity
 0001:000752E0       Classes.TStringList.GetCount
 0001:000752E4       Classes.TStringList.GetObject
 0001:0007530C       Classes.TStringList.Grow
 0001:00075340       Classes.TStringList.IndexOf
 0001:0007537C       Classes.TStringList.Insert
 0001:000753E0       Classes.TStringList.InsertItem
 0001:0007538C       Classes.TStringList.InsertObject
 0001:0007545C       Classes.TStringList.Put
 0001:000754B8       Classes.TStringList.PutObject
 0001:000754F8       Classes.TStringList.QuickSort
 0001:0007558C       Classes.TStringList.SetCapacity
 0001:000755A8       Classes.TStringList.SetSorted
 0001:000755C8       Classes.TStringList.SetUpdateState
 0001:00075600       Classes.TStringList.Sort
 0001:0007410C       Classes.TStrings.Add
 0001:00074130       Classes.TStrings.AddObject
 0001:00074154       Classes.TStrings.AddStrings
 0001:0007420C       Classes.TStrings.Assign
 0001:000742C4       Classes.TStrings.BeginUpdate
 0001:00074F78       Classes.TStrings.CompareStrings
 0001:00074334       Classes.TStrings.DefineProperties
 0001:000740DC       Classes.TStrings.Destroy
 0001:00074380       Classes.TStrings.EndUpdate
 0001:00074394       Classes.TStrings.Equals
 0001:00074440       Classes.TStrings.Error
 0001:00074478       Classes.TStrings.Error
 0001:000744D0       Classes.TStrings.Exchange
 0001:000745BC       Classes.TStrings.GetCapacity
 0001:00074F18       Classes.TStrings.GetLineBreak
 0001:00074FBC       Classes.TStrings.GetNameValueSeparator
 0001:000745C4       Classes.TStrings.GetObject
 0001:000745C8       Classes.TStrings.GetText
 0001:0007461C       Classes.TStrings.GetTextStr
 0001:00074754       Classes.TStrings.IndexOf
 0001:000747E0       Classes.TStrings.IndexOfName
 0001:000748B4       Classes.TStrings.IndexOfObject
 0001:000748E8       Classes.TStrings.InsertObject
 0001:00074918       Classes.TStrings.LoadFromFile
 0001:0007496C       Classes.TStrings.LoadFromStream
 0001:00074A18       Classes.TStrings.Move
 0001:00074AC8       Classes.TStrings.Put
 0001:00074AF8       Classes.TStrings.PutObject
 0001:00074AFC       Classes.TStrings.ReadData
 0001:00074BAC       Classes.TStrings.SaveToFile
 0001:00074C04       Classes.TStrings.SaveToStream
 0001:00074C64       Classes.TStrings.SetCapacity
 0001:00074F4C       Classes.TStrings.SetLineBreak
 0001:00074FD4       Classes.TStrings.SetNameValueSeparator
 0001:00074C68       Classes.TStrings.SetStringsAdapter
 0001:00074C9C       Classes.TStrings.SetText
 0001:00074CEC       Classes.TStrings.SetTextStr
 0001:00074E90       Classes.TStrings.SetUpdateState
 0001:00074E94       Classes.TStrings.WriteData
 0001:00073B38       Classes.TThreadList.Add
 0001:00073A68       Classes.TThreadList.Create
 0001:00073ABC       Classes.TThreadList.Destroy
 0001:00073BC0       Classes.TThreadList.LockList
 0001:00073BD4       Classes.TThreadList.Remove
 0001:00073C24       Classes.TThreadList.UnlockList
 0001:0007924C       Classes.TWriter.Write
 0001:000792B0       Classes.TWriter.WriteBoolean
 0001:00079298       Classes.TWriter.WriteBuffer
 0001:000792C4       Classes.TWriter.WriteInteger
 0001:00079338       Classes.TWriter.WriteListBegin
 0001:00079340       Classes.TWriter.WriteListEnd
 0001:00079348       Classes.TWriter.WriteMinStr
 0001:000793F4       Classes.TWriter.WriteString
 0001:00079448       Classes.TWriter.WriteValue
 0001:00073314       Classes.UnregisterFindGlobalComponentProc
 0001:00072FD0       Classes.UnRegisterModuleClasses
 0003:000043A8       Classes.UtilWindowClass
 0001:000794B4       Classes.WaitForSyncEvent
 0003:0000438C       Classes.WakeMainThread
 0004:00004700       Clipbrd..2
 0004:000046FE       Clipbrd.CF_COMPONENT
 0004:000046FC       Clipbrd.CF_PICTURE
 0002:000007E4       Clipbrd.Clipbrd
 0004:00004704       Clipbrd.FClipboard
 0001:0008F968       Clipbrd.Finalization
 0001:000BD1E4       ColumnarCellAlignedLayoutManager..TColumnarCellAlignedLayoutManager
 0001:000BD2A0       ColumnarCellAlignedLayoutManager..TColumnarCellAlignedLayoutManagerBuilder
 0001:000BD530       ColumnarCellAlignedLayoutManager.IsAnyNonZeroElementHeightExists
 0001:000BD320       ColumnarCellAlignedLayoutManager.TColumnarCellAlignedLayoutManager.AlignElementsOfLayoutItemsByVertically
 0001:000BD440       ColumnarCellAlignedLayoutManager.TColumnarCellAlignedLayoutManager.ApplyLayout
 0001:000BD454       ColumnarCellAlignedLayoutManager.TColumnarCellAlignedLayoutManager.Destroy
 0001:000BD484       ColumnarCellAlignedLayoutManager.TColumnarCellAlignedLayoutManager.GetMaxLayoutItemElementHeight
 0001:000BD5DC       ColumnarCellAlignedLayoutManager.TColumnarCellAlignedLayoutManager.GetNextElementHeightsOfLayoutItems
 0001:000BD770       ColumnarCellAlignedLayoutManager.TColumnarCellAlignedLayoutManager.SetTopsToElementsOfLayoutItems
 0001:000BDAAC       ColumnarCellAlignedLayoutManager.TColumnarCellAlignedLayoutManagerBuilder.Create
 0001:000BDAE4       ColumnarCellAlignedLayoutManager.TColumnarCellAlignedLayoutManagerBuilder.CreateLayoutManager
 0001:0002F26C       CommCtrl.ImageList_Add
 0001:0002F29C       CommCtrl.ImageList_BeginDrag
 0001:0002F254       CommCtrl.ImageList_Create
 0001:0002F25C       CommCtrl.ImageList_Destroy
 0001:0002F2AC       CommCtrl.ImageList_DragEnter
 0001:0002F2B4       CommCtrl.ImageList_DragLeave
 0001:0002F2BC       CommCtrl.ImageList_DragMove
 0001:0002F2C4       CommCtrl.ImageList_DragShowNolock
 0001:0002F284       CommCtrl.ImageList_Draw
 0001:0002F28C       CommCtrl.ImageList_DrawEx
 0001:0002F2A4       CommCtrl.ImageList_EndDrag
 0001:0002F27C       CommCtrl.ImageList_GetBkColor
 0001:0002F2DC       CommCtrl.ImageList_GetIconSize
 0001:0002F264       CommCtrl.ImageList_GetImageCount
 0001:0002F2CC       CommCtrl.ImageList_Read
 0001:0002F294       CommCtrl.ImageList_Remove
 0001:0002F274       CommCtrl.ImageList_SetBkColor
 0001:0002F2E4       CommCtrl.ImageList_SetIconSize
 0001:0002F2D4       CommCtrl.ImageList_Write
 0001:0002F24C       CommCtrl.InitCommonControls
 0001:0002F2EC       CommCtrl._TrackMouseEvent
 0001:0002F2F4       CommDlg.GetSaveFileNameA
 0001:0002F2FC       CommDlg.GetSaveFileNameW
 0001:0002F304       CommDlg.PrintDlg
 0001:0007A9B0       Contnrs..TObjectList
 0001:0007AA18       Contnrs..TOrderedList
 0001:0007AA80       Contnrs..TStack
 0001:0007AAE0       Contnrs.TObjectList.Create
 0001:0007AB1C       Contnrs.TObjectList.GetItem
 0001:0007AB30       Contnrs.TObjectList.Notify
 0001:0007AB74       Contnrs.TOrderedList.Create
 0001:0007ABB8       Contnrs.TOrderedList.Destroy
 0001:0007ABE8       Contnrs.TOrderedList.PeekItem
 0001:0007AB5C       Contnrs.TOrderedList.Pop
 0001:0007ABFC       Contnrs.TOrderedList.PopItem
 0001:0007AB64       Contnrs.TOrderedList.Push
 0001:0007AC1C       Contnrs.TStack.PushItem
 0001:000BB5DC       ControlLayoutItem..TControlLayoutItem
 0001:000BB674       ControlLayoutItem.TControlLayoutItem.Create
 0001:000BB6B0       ControlLayoutItem.TControlLayoutItem.GetHeight
 0001:000BB6B8       ControlLayoutItem.TControlLayoutItem.GetLeft
 0001:000BB6C0       ControlLayoutItem.TControlLayoutItem.GetTop
 0001:000BB6C8       ControlLayoutItem.TControlLayoutItem.GetWidth
 0001:000BB6D0       ControlLayoutItem.TControlLayoutItem.SetHeight
 0001:000BB6DC       ControlLayoutItem.TControlLayoutItem.SetLeft
 0001:000BB6E8       ControlLayoutItem.TControlLayoutItem.SetTop
 0001:000BB6F4       ControlLayoutItem.TControlLayoutItem.SetWidth
 0004:00004764       Controls..33
 0001:00097470       Controls..TBaseDragControlObject
 0001:000987FC       Controls..TControl
 0001:00097940       Controls..TControlActionLink
 0001:000977B8       Controls..TControlCanvas
 0001:000995C4       Controls..TCustomControl
 0001:00097858       Controls..TCustomControlAction
 0001:00099B04       Controls..TCustomListControl
 0001:00099A0C       Controls..TDockTree
 0001:000998C0       Controls..TDockZone
 0001:00097534       Controls..TDragControlObject
 0001:000975C0       Controls..TDragControlObjectEx
 0001:00097650       Controls..TDragDockObject
 0001:00097718       Controls..TDragDockObjectEx
 0001:000973CC       Controls..TDragObject
 0001:000994A0       Controls..TGraphicControl
 0001:00099730       Controls..THintWindow
 0001:00097D90       Controls..TMargins
 0001:00099AB0       Controls..TMouse
 0001:00097EA8       Controls..TPadding
 0001:0009A1A4       Controls..TSiteList
 0001:00097C44       Controls..TSizeConstraints
 0001:00099090       Controls..TWinControl
 0001:00098C6C       Controls..TWinControlActionLink
 0001:0009A814       Controls.AbsMin
 0004:00004798       Controls.ActiveDrag
 0001:000A0B64       Controls.AlignWork
 0003:00004E2C       Controls.AnchorAlign
 0003:00004E20       Controls.AnimateWindowProc
 0003:00004F28       Controls.AnimationStyle
 0001:0009D764       Controls.BackgroundClipped
 0001:000A9DB8       Controls.CalcSplitterPos
 0001:0009B8B8       Controls.CancelDrag
 0004:000047AC       Controls.CanvasList
 0003:00004EE4       Controls.CaptureControl
 0001:00099C94       Controls.ChangeBiDiModeAlignment
 0001:0009B520       Controls.CheckUndock
 0001:000A6C40       Controls.ClientToWindow
 0004:0000476A       Controls.ControlAtom
 0004:00004770       Controls.ControlAtomString
 0002:000008DC       Controls.Controls
 0003:00004E24       Controls.CreationControl
 0003:00004F20       Controls.Ctl3DStyles
 0003:00004E34       Controls.Cursors
 0001:0009A03C       Controls.CursorToIdent
 0003:00004E28       Controls.DefaultDockTreeClass
 0001:000A1AF0       Controls.DestroyChildWindow
 0001:000A09D8       Controls.DoAlign
 0001:000A555C       Controls.DoCalcConstraints
 0004:000047A0       Controls.DockSiteList
 0001:000A284C       Controls.DoControlMsg
 0001:0009AE28       Controls.DoDragOver
 0001:000A78C0       Controls.DoFindControlZone
 0001:000A7FE8       Controls.DoFindZone
 0001:000A7944       Controls.DoForEach
 0001:000A958C       Controls.DoGetNextLimit
 0001:000AA5C4       Controls.DoneControls
 0001:000A0990       Controls.DoPosition
 0001:000A8A9C       Controls.DoPrune
 0001:000A8FB0       Controls.DoSaveZone
 0001:000A9274       Controls.DoSetNewBounds
 0001:000A179C       Controls.DoWriteDesignSize
 0001:0009EAE4       Controls.DoWriteExplicit
 0001:0009EAB0       Controls.DoWriteIsControl
 0004:00004784       Controls.DragCapture
 0004:00004778       Controls.DragControl
 0001:0009B594       Controls.DragDone
 0001:0009ADD8       Controls.DragFindTarget
 0001:0009ADAC       Controls.DragFindWindow
 0004:0000479C       Controls.DragImageList
 0001:0009B1EC       Controls.DragInit
 0001:0009B35C       Controls.DragInitControl
 0004:00004780       Controls.DragInternalObject
 0001:0009ACF4       Controls.DragMessage
 0004:0000477C       Controls.DragObject
 0004:000047A8       Controls.DragSave
 0004:00004790       Controls.DragSaveCursor
 0004:00004788       Controls.DragStartPos
 0004:00004794       Controls.DragThreshold
 0001:0009AF04       Controls.DragTo
 0001:000A8520       Controls.DrawCloseButton
 0001:000A85B4       Controls.DrawGrabberLine
 0001:000A863C       Controls.DrawThemedGrabber
 0003:00004F10       Controls.EdgeStyles
 0001:000AAC00       Controls.Finalization
 0001:00099DEC       Controls.FindControl
 0001:0009B904       Controls.FindDragTarget
 0001:0009B8D0       Controls.FindVCLWindow
 0001:0009B9C8       Controls.FreeDeviceContext
 0001:0009BA84       Controls.FreeDeviceContexts
 0001:0009A138       Controls.GetCaptureControl
 0001:000A0800       Controls.GetClientSize
 0001:000A1F10       Controls.GetControlAtPos
 0001:000A966C       Controls.GetDockAlign
 0001:0009AB44       Controls.GetDockSiteAtPos
 0001:0009AE64       Controls.GetDropCtl
 0001:000A75F0       Controls.GetLastChildZone
 0001:0009A0A0       Controls.GetLongHint
 0001:0009A05C       Controls.GetShortHint
 0001:0009A244       Controls.GetTopParent
 0001:000A96E8       Controls.HideZone
 0001:0009A04C       Controls.IdentToCursor
 0003:00004F50       Controls.IMM32DLL
 0001:000AA5B0       Controls.Imm32IsIME
 0001:000AA64C       Controls.InitControls
 0001:000AA254       Controls.InitIMM32
 0001:00099CA8       Controls.InitWndProc
 0003:00004EF0       Controls.InnerStyles
 0001:000A0860       Controls.InsertBefore
 0001:0009A8F8       Controls.IsBeforeTargetWindow
 0001:0009AD4C       Controls.IsDelphiHandle
 0001:000A7024       Controls.IsOrientationSet
 0001:0009AB00       Controls.IsSiteChildOfClient
 0001:00099E48       Controls.IsVCLControl
 0004:00004758       Controls.IsVCLControlHook
 0001:0009B950       Controls.ListAdd
 0001:0009B978       Controls.ListRemove
 0003:00004F3C       Controls.MakeLast
 0001:0009FBA8       Controls.MinVar
 0003:00004F54       Controls.ModeMap
 0004:00004754       Controls.Mouse
 0001:0009B998       Controls.MoveWindowOrg
 0004:00004760       Controls.NewStyleControls
 0001:000A7008       Controls.NextVisibleZone
 0001:00099DB8       Controls.ObjectFromHWnd
 0003:00004F34       Controls.OrientArray
 0003:00004F00       Controls.OuterStyles
 0001:000A7418       Controls.ParentNotLast
 0001:0009A0E4       Controls.PerformEraseBackground
 0001:000A1788       Controls.PointsEqual
 0004:000047A4       Controls.QualifyingSites
 0001:000A8184       Controls.ReadControlName
 0001:0009AC98       Controls.RegisterDockSite
 0004:00004774       Controls.RM_GetObjectInstance
 0001:00099E78       Controls.SendAppMessage
 0001:0009A160       Controls.SetCaptureControl
 0001:000AA4D8       Controls.SetImeMode
 0003:00004EE8       Controls.ShowFlags
 0001:000A9768       Controls.ShowZone
 0003:00004F48       Controls.SizeCursors
 0001:0009A614       Controls.TBaseDragControlObject.Assign
 0001:0009A5F0       Controls.TBaseDragControlObject.Create
 0001:0009A640       Controls.TBaseDragControlObject.EndDrag
 0001:0009A664       Controls.TBaseDragControlObject.Finished
 0001:0009F8D8       Controls.TControl.ActionChange
 0001:0009FCC8       Controls.TControl.AdjustSize
 0001:0009FAFC       Controls.TControl.AssignTo
 0001:0009DAC4       Controls.TControl.BeginAutoDrag
 0001:0009DAE0       Controls.TControl.BeginDrag
 0001:0009D5FC       Controls.TControl.BringToFront
 0001:0009E528       Controls.TControl.CalcCursorPos
 0001:0009E690       Controls.TControl.CalcDockSizes
 0001:0009E428       Controls.TControl.CanAutoSize
 0001:0009E42C       Controls.TControl.CanResize
 0001:0009CF94       Controls.TControl.Changed
 0001:0009CFA4       Controls.TControl.ChangeScale
 0001:0009F0A0       Controls.TControl.CheckNewSize
 0001:0009EE94       Controls.TControl.Click
 0001:0009CE1C       Controls.TControl.ClientToScreen
 0001:0009F630       Controls.TControl.CMBiDiModeChanged
 0001:0009F55C       Controls.TControl.CMColorChanged
 0001:0009F760       Controls.TControl.CMDesignHitTest
 0001:0009F53C       Controls.TControl.CMEnabledChanged
 0001:0009F878       Controls.TControl.CMFloat
 0001:0009F54C       Controls.TControl.CMFontChanged
 0001:0009FD54       Controls.TControl.CMHintShow
 0001:0009F6E0       Controls.TControl.CMHitTest
 0001:0009FF08       Controls.TControl.CMMouseActivate
 0001:0009F6E8       Controls.TControl.CMMouseEnter
 0001:0009F724       Controls.TControl.CMMouseLeave
 0001:0009F5C0       Controls.TControl.CMMouseWheel
 0001:0009F59C       Controls.TControl.CMParentBiDiModeChanged
 0001:0009F56C       Controls.TControl.CMParentColorChanged
 0001:0009F68C       Controls.TControl.CMParentFontChanged
 0001:0009F650       Controls.TControl.CMParentShowHintChanged
 0001:0009F6BC       Controls.TControl.CMSysFontChanged
 0001:0009F514       Controls.TControl.CMVisibleChanged
 0001:0009E4F8       Controls.TControl.ConstrainedResize
 0001:0009C1F4       Controls.TControl.Create
 0001:0009F768       Controls.TControl.CreateFloatingDockSite
 0001:0009EF00       Controls.TControl.DblClick
 0001:0009DF68       Controls.TControl.DefaultDockImage
 0001:0009EA08       Controls.TControl.DefaultHandler
 0001:0009ED04       Controls.TControl.DefineProperties
 0001:0009E554       Controls.TControl.DesignWndProc
 0001:0009C2EC       Controls.TControl.Destroy
 0001:0009F9D8       Controls.TControl.DoActionChange
 0001:0009E45C       Controls.TControl.DoCanAutoSize
 0001:0009E4C8       Controls.TControl.DoCanResize
 0001:0009CAEC       Controls.TControl.Dock
 0001:0009DD64       Controls.TControl.DockTrackNoTarget
 0001:0009E588       Controls.TControl.DoConstrainedResize
 0001:0009E418       Controls.TControl.DoConstraintsChange
 0001:0009FEC8       Controls.TControl.DoContextPopup
 0001:0009CC1C       Controls.TControl.DoDock
 0001:0009E0B4       Controls.TControl.DoDragMsg
 0001:0009DD7C       Controls.TControl.DoEndDock
 0001:0009DC64       Controls.TControl.DoEndDrag
 0001:0009FF2C       Controls.TControl.DoMarginChange
 0001:0009DDC8       Controls.TControl.DoMouseActivate
 0001:0009EF58       Controls.TControl.DoMouseDown
 0001:0009F2D0       Controls.TControl.DoMouseUp
 0001:0009DDFC       Controls.TControl.DoMouseWheel
 0001:0009DED0       Controls.TControl.DoMouseWheelDown
 0001:0009DF1C       Controls.TControl.DoMouseWheelUp
 0001:0009DDA8       Controls.TControl.DoStartDock
 0001:0009DC44       Controls.TControl.DoStartDrag
 0001:0009DBCC       Controls.TControl.DragCanceled
 0001:0009DC18       Controls.TControl.DragDrop
 0001:0009DBD0       Controls.TControl.Dragging
 0001:0009DBDC       Controls.TControl.DragOver
 0001:0009E094       Controls.TControl.DrawDragDockImage
 0001:0009FCE8       Controls.TControl.DrawTextBiDiModeFlags
 0001:0009FD28       Controls.TControl.DrawTextBiDiModeFlagsReadingOnly
 0001:0009E0A4       Controls.TControl.EraseDragDockImage
 0001:0009D44C       Controls.TControl.FontChanged
 0001:0009C474       Controls.TControl.GetAction
 0001:0009F9FC       Controls.TControl.GetActionLinkClass
 0001:0009FF40       Controls.TControl.GetAlignWithMargins
 0001:0009CCAC       Controls.TControl.GetBoundsRect
 0001:0009CD4C       Controls.TControl.GetClientHeight
 0001:0009CD8C       Controls.TControl.GetClientOrigin
 0001:0009CCF0       Controls.TControl.GetClientRect
 0001:0009CD08       Controls.TControl.GetClientWidth
 0001:0009DA74       Controls.TControl.GetControlsAlignment
 0001:0009D6BC       Controls.TControl.GetDeviceContext
 0001:0009FBE4       Controls.TControl.GetDockEdge
 0001:0009C3B4       Controls.TControl.GetDragImages
 0001:0009C3B8       Controls.TControl.GetEnabled
 0001:0009FC94       Controls.TControl.GetFloating
 0001:0009FCC0       Controls.TControl.GetFloatingDockSiteClass
 0001:0009D5C4       Controls.TControl.GetMouseCapture
 0001:0009C3C0       Controls.TControl.GetPalette
 0001:0009C3CC       Controls.TControl.GetParentComponent
 0001:0009F098       Controls.TControl.GetPopupMenu
 0001:0009D39C       Controls.TControl.GetText
 0001:0009D31C       Controls.TControl.GetTextBuf
 0001:0009D30C       Controls.TControl.GetTextLen
 0001:0009D328       Controls.TControl.GetUndockHeight
 0001:0009D33C       Controls.TControl.GetUndockWidth
 0001:0009C3C4       Controls.TControl.HasParent
 0001:0009FD44       Controls.TControl.InitiateAction
 0001:0009D87C       Controls.TControl.Invalidate
 0001:0009D7F0       Controls.TControl.InvalidateControl
 0001:0009C5A0       Controls.TControl.IsAnchorsStored
 0001:0009D4C0       Controls.TControl.IsBiDiModeStored
 0001:0009FA04       Controls.TControl.IsCaptionStored
 0001:0009D558       Controls.TControl.IsColorStored
 0001:0009FA24       Controls.TControl.IsEnabledStored
 0001:0009D4A0       Controls.TControl.IsFontStored
 0001:0009FA64       Controls.TControl.IsHelpContextStored
 0001:0009FA44       Controls.TControl.IsHintStored
 0001:0009FAA4       Controls.TControl.IsOnClickStored
 0001:0009D4B4       Controls.TControl.IsShowHintStored
 0001:0009FA84       Controls.TControl.IsVisibleStored
 0001:0009FAC4       Controls.TControl.Loaded
 0001:0009E1A4       Controls.TControl.ManualDock
 0001:0009E384       Controls.TControl.ManualFloat
 0001:0009D890       Controls.TControl.MouseActivate
 0001:0009EF20       Controls.TControl.MouseDown
 0001:0009F1EC       Controls.TControl.MouseMove
 0001:0009F298       Controls.TControl.MouseUp
 0001:0009D8D8       Controls.TControl.MouseWheelHandler
 0001:0009C6B8       Controls.TControl.Notification
 0001:0009C3F8       Controls.TControl.PaletteChanged
 0001:0009E65C       Controls.TControl.Perform
 0001:0009DC90       Controls.TControl.PositionDockRect
 0001:000A001C       Controls.TControl.ReadExplicitHeight
 0001:000A0034       Controls.TControl.ReadExplicitLeft
 0001:000A0004       Controls.TControl.ReadExplicitTop
 0001:0009FFDC       Controls.TControl.ReadExplicitWidth
 0001:0009EA90       Controls.TControl.ReadIsControl
 0001:0009C624       Controls.TControl.ReadState
 0001:0009D96C       Controls.TControl.Refresh
 0001:0009D978       Controls.TControl.Repaint
 0001:0009C5F4       Controls.TControl.RequestAlign
 0001:0009C604       Controls.TControl.Resize
 0001:0009CE48       Controls.TControl.ScaleConstraints
 0001:0009CECC       Controls.TControl.ScreenToClient
 0001:0009CEF8       Controls.TControl.SendCancelMode
 0001:0009CF28       Controls.TControl.SendDockNotification
 0001:0009C524       Controls.TControl.SetAction
 0001:0009C710       Controls.TControl.SetAlign
 0001:0009FF48       Controls.TControl.SetAlignWithMargins
 0001:0009C484       Controls.TControl.SetAnchors
 0001:0009D168       Controls.TControl.SetAutoSize
 0001:0009D430       Controls.TControl.SetBiDiMode
 0001:0009C7F8       Controls.TControl.SetBounds
 0001:0009CCCC       Controls.TControl.SetBoundsRect
 0001:0009CD64       Controls.TControl.SetClientHeight
 0001:0009D228       Controls.TControl.SetClientSize
 0001:0009CD20       Controls.TControl.SetClientWidth
 0001:0009D53C       Controls.TControl.SetColor
 0001:0009FEFC       Controls.TControl.SetConstraints
 0001:0009D5A8       Controls.TControl.SetCursor
 0001:0009C5B8       Controls.TControl.SetDesignVisible
 0001:0009C5F0       Controls.TControl.SetDragMode
 0001:0009D2F4       Controls.TControl.SetEnabled
 0001:0009D490       Controls.TControl.SetFont
 0001:0009CAB8       Controls.TControl.SetHeight
 0001:0009CC74       Controls.TControl.SetHelpContext
 0001:0009CC88       Controls.TControl.SetHelpKeyword
 0001:0009CA1C       Controls.TControl.SetLeft
 0001:0009FF34       Controls.TControl.SetMargins
 0001:0009D5D4       Controls.TControl.SetMouseCapture
 0001:0009D184       Controls.TControl.SetName
 0001:0009D270       Controls.TControl.SetParent
 0001:0009D584       Controls.TControl.SetParentBiDiMode
 0001:0009D560       Controls.TControl.SetParentColor
 0001:0009C3D0       Controls.TControl.SetParentComponent
 0001:0009D4C8       Controls.TControl.SetParentFont
 0001:0009D510       Controls.TControl.SetParentShowHint
 0001:0009D350       Controls.TControl.SetPopupMenu
 0001:0009D4EC       Controls.TControl.SetShowHint
 0001:0009D3CC       Controls.TControl.SetText
 0001:0009D378       Controls.TControl.SetTextBuf
 0001:0009CA50       Controls.TControl.SetTop
 0001:0009D2BC       Controls.TControl.SetVisible
 0001:0009CA84       Controls.TControl.SetWidth
 0001:0009D698       Controls.TControl.SetZOrder
 0001:0009D610       Controls.TControl.SetZOrderPosition
 0001:0009D958       Controls.TControl.Update
 0001:0009C898       Controls.TControl.UpdateAnchorRules
 0001:0009E704       Controls.TControl.UpdateBoundsRect
 0001:0009FF78       Controls.TControl.UpdateExplicitBounds
 0001:0009DA90       Controls.TControl.UseRightToLeftAlignment
 0001:0009DA78       Controls.TControl.UseRightToLeftReading
 0001:0009DAA8       Controls.TControl.UseRightToLeftScrollBar
 0001:0009E734       Controls.TControl.VisibleChanging
 0001:0009F424       Controls.TControl.WMCancelMode
 0001:0009FD84       Controls.TControl.WMContextMenu
 0001:0009F044       Controls.TControl.WMLButtonDblClk
 0001:0009EFDC       Controls.TControl.WMLButtonDown
 0001:0009F308       Controls.TControl.WMLButtonUp
 0001:0009F1C0       Controls.TControl.WMMButtonDblClk
 0001:0009F194       Controls.TControl.WMMButtonDown
 0001:0009F3AC       Controls.TControl.WMMButtonUp
 0001:0009F220       Controls.TControl.WMMouseMove
 0001:0009F3CC       Controls.TControl.WMMouseWheel
 0001:0009F028       Controls.TControl.WMNCLButtonDown
 0001:0009F168       Controls.TControl.WMRButtonDblClk
 0001:0009F13C       Controls.TControl.WMRButtonDown
 0001:0009F38C       Controls.TControl.WMRButtonUp
 0001:0009F464       Controls.TControl.WMWindowPosChanged
 0001:0009E738       Controls.TControl.WndProc
 0001:0009FFBC       Controls.TControl.WriteExplicitHeight
 0001:0009FFCC       Controls.TControl.WriteExplicitLeft
 0001:0009FFAC       Controls.TControl.WriteExplicitTop
 0001:0009FFF4       Controls.TControl.WriteExplicitWidth
 0001:0009EAA4       Controls.TControl.WriteIsControl
 0001:0009BDA0       Controls.TControlActionLink.AssignClient
 0001:0009BDBC       Controls.TControlActionLink.DoShowHint
 0001:0009BEAC       Controls.TControlActionLink.IsCaptionLinked
 0001:0009BF20       Controls.TControlActionLink.IsDropdownMenuLinked
 0001:0009BF34       Controls.TControlActionLink.IsEnabledLinked
 0001:0009BF68       Controls.TControlActionLink.IsEnableDropdownLinked
 0001:0009C108       Controls.TControlActionLink.IsHelpLinked
 0001:0009BF7C       Controls.TControlActionLink.IsHintLinked
 0001:0009C028       Controls.TControlActionLink.IsOnExecuteLinked
 0001:0009BFB4       Controls.TControlActionLink.IsPopupMenuLinked
 0001:0009BFF4       Controls.TControlActionLink.IsVisibleLinked
 0001:0009C050       Controls.TControlActionLink.SetCaption
 0001:0009C070       Controls.TControlActionLink.SetDropdownMenu
 0001:0009C074       Controls.TControlActionLink.SetEnabled
 0001:0009C094       Controls.TControlActionLink.SetEnableDropdown
 0001:0009C190       Controls.TControlActionLink.SetHelpContext
 0001:0009C170       Controls.TControlActionLink.SetHelpKeyword
 0001:0009C1B0       Controls.TControlActionLink.SetHelpType
 0001:0009C098       Controls.TControlActionLink.SetHint
 0001:0009C0DC       Controls.TControlActionLink.SetOnExecute
 0001:0009C1D0       Controls.TControlActionLink.SetPopupMenu
 0001:0009C0BC       Controls.TControlActionLink.SetVisible
 0001:0009BB5C       Controls.TControlCanvas.CreateHandle
 0001:0009BB30       Controls.TControlCanvas.Destroy
 0001:0009BC04       Controls.TControlCanvas.FreeHandle
 0001:0009BC38       Controls.TControlCanvas.SetControl
 0001:0009BC50       Controls.TControlCanvas.UpdateTextFlags
 0001:000A6EAC       Controls.TCustomControl.Create
 0001:000A6F08       Controls.TCustomControl.Destroy
 0001:000A7004       Controls.TCustomControl.Paint
 0001:000A6F58       Controls.TCustomControl.PaintWindow
 0001:000A6F38       Controls.TCustomControl.WMPaint
 0001:000AA818       Controls.TCustomListControl.MoveSelection
 0001:000A9BC0       Controls.TDockTree.ActualSize
 0001:000A7890       Controls.TDockTree.AdjustDockRect
 0001:000A9C54       Controls.TDockTree.AdjustFrameRect
 0001:000A78A8       Controls.TDockTree.BeginUpdate
 0001:000A98A0       Controls.TDockTree.ControlVisibilityChanged
 0001:000A76D4       Controls.TDockTree.Create
 0001:000A783C       Controls.TDockTree.Destroy
 0001:000A94A0       Controls.TDockTree.DrawSizeSplitter
 0001:000A78AC       Controls.TDockTree.EndUpdate
 0001:000A7F5C       Controls.TDockTree.FindControlAtPos
 0001:000A7918       Controls.TDockTree.FindControlZone
 0001:000A7980       Controls.TDockTree.ForEachAt
 0001:000A7998       Controls.TDockTree.GetControlBounds
 0001:000A961C       Controls.TDockTree.GetNextLimit
 0001:000A7A0C       Controls.TDockTree.HitTest
 0001:000A7A1C       Controls.TDockTree.InsertControl
 0001:000A7C38       Controls.TDockTree.InsertNewParent
 0001:000A7DE0       Controls.TDockTree.InsertSibling
 0001:000A80FC       Controls.TDockTree.InternalHitTest
 0001:000A81CC       Controls.TDockTree.LoadFromStream
 0001:000A9C94       Controls.TDockTree.MouseDown
 0001:000A9E48       Controls.TDockTree.MouseMove
 0001:000A9E98       Controls.TDockTree.MouseUp
 0001:000A8698       Controls.TDockTree.PaintDockFrame
 0001:000A87EC       Controls.TDockTree.PaintSite
 0001:000A8920       Controls.TDockTree.PositionDockRect
 0001:000A8AD0       Controls.TDockTree.PruneZone
 0001:000A9C28       Controls.TDockTree.ReferenceFromOrient
 0001:000A9BF0       Controls.TDockTree.RelativeSize
 0001:000A8B2C       Controls.TDockTree.RemoveControl
 0001:000A8B6C       Controls.TDockTree.RemoveZone
 0001:000A8E0C       Controls.TDockTree.ResetBounds
 0001:000A90C0       Controls.TDockTree.SaveToStream
 0001:000A8EF4       Controls.TDockTree.ScaleZone
 0001:000A92FC       Controls.TDockTree.SetNewBounds
 0001:000A932C       Controls.TDockTree.SetReplacingControl
 0001:000A9344       Controls.TDockTree.ShiftZone
 0001:000A9F0C       Controls.TDockTree.ShowHint
 0001:000A9378       Controls.TDockTree.SplitterMouseDown
 0001:000A93D8       Controls.TDockTree.SplitterMouseUp
 0001:000A9454       Controls.TDockTree.UpdateAll
 0001:000A947C       Controls.TDockTree.UpdateZone
 0001:000A948C       Controls.TDockTree.WindowProc
 0001:000A9928       Controls.TDockTree.WndProc
 0001:000A7E58       Controls.TDockTree.ZoneCaptionHitTest
 0001:000A7048       Controls.TDockZone.Create
 0001:000A7600       Controls.TDockZone.ExpandZoneLimit
 0001:000A76C8       Controls.TDockZone.FirstVisibleChild
 0001:000A706C       Controls.TDockZone.GetChildCount
 0001:000A7350       Controls.TDockZone.GetControlName
 0001:000A71F0       Controls.TDockZone.GetHeightWidth
 0001:000A70DC       Controls.TDockZone.GetLimitBegin
 0001:000A7124       Controls.TDockZone.GetLimitSize
 0001:000A716C       Controls.TDockZone.GetTopLeft
 0001:000A70A4       Controls.TDockZone.GetVisible
 0001:000A7080       Controls.TDockZone.GetVisibleChildCount
 0001:000A75C4       Controls.TDockZone.GetZoneLimit
 0001:000A76A0       Controls.TDockZone.NextVisible
 0001:000A76AC       Controls.TDockZone.PrevVisible
 0001:000A72A8       Controls.TDockZone.ResetChildren
 0001:000A7640       Controls.TDockZone.ResetZoneLimits
 0001:000A7394       Controls.TDockZone.SetControlName
 0001:000A75EC       Controls.TDockZone.SetZoneLimit
 0001:000A7448       Controls.TDockZone.Update
 0001:0009A698       Controls.TDragControlObject.GetDragCursor
 0001:0009A6B0       Controls.TDragControlObject.GetDragImages
 0001:0009A6BC       Controls.TDragControlObject.HideDragImage
 0001:0009A6DC       Controls.TDragControlObject.ShowDragImage
 0001:0009A6FC       Controls.TDragControlObjectEx.BeforeDestruction
 0001:0009A838       Controls.TDragDockObject.AdjustDockRect
 0001:0009A798       Controls.TDragDockObject.Assign
 0001:0009A700       Controls.TDragDockObject.Create
 0001:0009A768       Controls.TDragDockObject.Destroy
 0001:0009A8B4       Controls.TDragDockObject.DrawDragDockImage
 0001:0009A7F8       Controls.TDragDockObject.EndDrag
 0001:0009A8C8       Controls.TDragDockObject.EraseDragDockImage
 0001:0009A8DC       Controls.TDragDockObject.GetDragCursor
 0001:0009A8E8       Controls.TDragDockObject.GetEraseWhenMoving
 0001:0009A8EC       Controls.TDragDockObject.GetFrameWidth
 0001:0009A8F4       Controls.TDragDockObjectEx.BeforeDestruction
 0001:000A6CEC       Controls.TDragImageList.BeginDrag
 0001:000A6D60       Controls.TDragImageList.DragLock
 0001:000A6DE8       Controls.TDragImageList.DragMove
 0001:000A6DC4       Controls.TDragImageList.DragUnlock
 0001:000A6E5C       Controls.TDragImageList.EndDrag
 0001:000A6E44       Controls.TDragImageList.HideDragImage
 0001:000A6CC8       Controls.TDragImageList.SetDragCursor
 0001:000A6C80       Controls.TDragImageList.SetDragImage
 0001:000A6E2C       Controls.TDragImageList.ShowDragImage
 0001:0009A5E0       Controls.TDragObject.AfterConstruction
 0001:0009A38C       Controls.TDragObject.Assign
 0001:0009A5D0       Controls.TDragObject.BeforeDestruction
 0001:0009A3CC       Controls.TDragObject.Capture
 0001:0009A3E4       Controls.TDragObject.Finished
 0001:0009A55C       Controls.TDragObject.GetDragCursor
 0001:0009A558       Controls.TDragObject.GetDragImages
 0001:0009A3EC       Controls.TDragObject.GetName
 0001:0009A574       Controls.TDragObject.HideDragImage
 0001:0009A578       Controls.TDragObject.Instance
 0001:0009A584       Controls.TDragObject.MainWndProc
 0001:0009A414       Controls.TDragObject.ReleaseCapture
 0001:0009A580       Controls.TDragObject.ShowDragImage
 0001:0009A428       Controls.TDragObject.WndProc
 0001:000A6500       Controls.TGraphicControl.Create
 0001:000A655C       Controls.TGraphicControl.Destroy
 0001:000A6644       Controls.TGraphicControl.Paint
 0001:000A659C       Controls.TGraphicControl.WMPaint
 0001:000A6934       Controls.THintWindow.ActivateHint
 0001:000A6B28       Controls.THintWindow.ActivateHintData
 0001:000A6B50       Controls.THintWindow.CalcHintRect
 0001:000A689C       Controls.THintWindow.CMTextChanged
 0001:000A6648       Controls.THintWindow.Create
 0001:000A66B4       Controls.THintWindow.CreateParams
 0001:000A682C       Controls.THintWindow.IsHintMsg
 0001:000A6BAC       Controls.THintWindow.NCPaint
 0001:000A6784       Controls.THintWindow.Paint
 0001:000A6890       Controls.THintWindow.ReleaseHandle
 0001:000A6C3C       Controls.THintWindow.ShouldHideHint
 0001:000A6718       Controls.THintWindow.WMNCHitTest
 0001:000A6720       Controls.THintWindow.WMNCPaint
 0001:000A6C18       Controls.THintWindow.WMPrint
 0001:000AA878       Controls.TMargins.AssignTo
 0001:000AA8C0       Controls.TMargins.Change
 0001:000AA834       Controls.TMargins.Create
 0001:000AAA38       Controls.TMargins.GetControlBound
 0001:000AA8D4       Controls.TMargins.InitDefaults
 0001:000AA94C       Controls.TMargins.SetControlBounds
 0001:000AA8F4       Controls.TMargins.SetMargin
 0001:000AA000       Controls.TMouse.Create
 0001:000AA090       Controls.TMouse.CreatePanningWindow
 0001:000AA0BC       Controls.TMouse.Destroy
 0001:000AA0EC       Controls.TMouse.GetCapture
 0001:000AA0F4       Controls.TMouse.GetCursorPos
 0001:000AA104       Controls.TMouse.GetIsDragging
 0001:000AA110       Controls.TMouse.GetIsPanning
 0001:000AA134       Controls.TMouse.GetMouseData
 0001:000AA150       Controls.TMouse.GetNativeData
 0001:000AA180       Controls.TMouse.GetRegisteredData
 0001:000AA1A8       Controls.TMouse.SetCapture
 0001:000AA1D0       Controls.TMouse.SetPanningWindow
 0001:000AA1F0       Controls.TMouse.SettingChanged
 0001:000AABFC       Controls.TPadding.InitDefaults
 0001:000A3EF4       Controls.TraverseControls
 0003:00004F44       Controls.TreeStreamEndFlag
 0001:0009A270       Controls.TSiteList.AddSite
 0001:0009A2F4       Controls.TSiteList.Clear
 0001:0009A20C       Controls.TSiteList.Find
 0001:0009A328       Controls.TSiteList.GetTopSite
 0001:0009BCB8       Controls.TSizeConstraints.AssignTo
 0001:0009BD8C       Controls.TSizeConstraints.Change
 0001:0009BC7C       Controls.TSizeConstraints.Create
 0001:0009BD00       Controls.TSizeConstraints.SetConstraints
 0001:000A5AE8       Controls.TWinControl.ActionChange
 0001:000A1358       Controls.TWinControl.AddBiDiModeExStyle
 0001:000A03F0       Controls.TWinControl.AdjustClientRect
 0001:000A5050       Controls.TWinControl.AdjustSize
 0001:000A0CBC       Controls.TWinControl.AlignControl
 0001:000A0BB8       Controls.TWinControl.AlignControls
 0001:000A0420       Controls.TWinControl.ArrangeControl
 0001:000A5B30       Controls.TWinControl.AssignTo
 0001:000A1254       Controls.TWinControl.Broadcast
 0001:000A5620       Controls.TWinControl.CalcConstraints
 0001:000A5B60       Controls.TWinControl.CanAutoSize
 0001:000A4E0C       Controls.TWinControl.CanFocus
 0001:000A5554       Controls.TWinControl.CanResize
 0001:000A49D0       Controls.TWinControl.ChangeScale
 0001:000A421C       Controls.TWinControl.CMBiDiModeChanged
 0001:000A4478       Controls.TWinControl.CMBorderChanged
 0001:000A42F4       Controls.TWinControl.CMChanged
 0001:000A4308       Controls.TWinControl.CMChildKey
 0001:000A43D4       Controls.TWinControl.CMColorChanged
 0001:000A45B8       Controls.TWinControl.CMControlListChange
 0001:000A45CC       Controls.TWinControl.CMControlListChanging
 0001:000A44B8       Controls.TWinControl.CMCtl3DChanged
 0001:000A4438       Controls.TWinControl.CMCursorChanged
 0001:000A42D4       Controls.TWinControl.CMDesignHitTest
 0001:000A4324       Controls.TWinControl.CMDialogChar
 0001:000A431C       Controls.TWinControl.CMDialogKey
 0001:000A3AB0       Controls.TWinControl.CMDockClient
 0001:000A4558       Controls.TWinControl.CMDrag
 0001:000A438C       Controls.TWinControl.CMEnabledChanged
 0001:000A4254       Controls.TWinControl.CMEnter
 0001:000A42C4       Controls.TWinControl.CMExit
 0001:000A3BC8       Controls.TWinControl.CMFloat
 0001:000A432C       Controls.TWinControl.CMFocusChanged
 0001:000A4548       Controls.TWinControl.CMFontChange
 0001:000A43FC       Controls.TWinControl.CMFontChanged
 0001:000A4D08       Controls.TWinControl.CMInvalidate
 0001:000A44F8       Controls.TWinControl.CMParentCtl3DChanged
 0001:000A1BC0       Controls.TWinControl.CMRecreateWnd
 0001:000A4204       Controls.TWinControl.CMShowHintChanged
 0001:000A4364       Controls.TWinControl.CMShowingChanged
 0001:000A4538       Controls.TWinControl.CMSysColorChange
 0001:000A45E0       Controls.TWinControl.CMSysFontChanged
 0001:000A62F8       Controls.TWinControl.CMTextChanged
 0001:000A4550       Controls.TWinControl.CMTimeChange
 0001:000A3BA0       Controls.TWinControl.CMUnDockClient
 0001:000A4334       Controls.TWinControl.CMVisibleChanged
 0001:000A4540       Controls.TWinControl.CMWinIniChange
 0001:000A47CC       Controls.TWinControl.CNChar
 0001:000A4694       Controls.TWinControl.CNKeyDown
 0001:000A4778       Controls.TWinControl.CNKeyUp
 0001:000A4878       Controls.TWinControl.CNSysChar
 0001:000A481C       Controls.TWinControl.CNSysKeyDown
 0001:000A5AAC       Controls.TWinControl.ConstrainedResize
 0001:000A0F9C       Controls.TWinControl.ContainsControl
 0001:000A1FDC       Controls.TWinControl.ControlAtPos
 0001:000A3954       Controls.TWinControl.ControlsAligned
 0001:000A0080       Controls.TWinControl.Create
 0001:000A3958       Controls.TWinControl.CreateDockManager
 0001:000A19E4       Controls.TWinControl.CreateHandle
 0001:000A13C0       Controls.TWinControl.CreateParams
 0001:000A12EC       Controls.TWinControl.CreateSubClass
 0001:000A16BC       Controls.TWinControl.CreateWindowHandle
 0001:000A14EC       Controls.TWinControl.CreateWnd
 0001:000A1A7C       Controls.TWinControl.CustomAlignInsertBefore
 0001:000A1AA0       Controls.TWinControl.CustomAlignPosition
 0001:000A2744       Controls.TWinControl.DefaultHandler
 0001:000A187C       Controls.TWinControl.DefineProperties
 0001:000A01C4       Controls.TWinControl.Destroy
 0001:000A1B34       Controls.TWinControl.DestroyHandle
 0001:000A1938       Controls.TWinControl.DestroyWindowHandle
 0001:000A18D8       Controls.TWinControl.DestroyWnd
 0001:000A0D50       Controls.TWinControl.DisableAlign
 0001:000A36E8       Controls.TWinControl.DoAddDockClient
 0001:000A373C       Controls.TWinControl.DockDrop
 0001:000A37C0       Controls.TWinControl.DockOver
 0001:000A6344       Controls.TWinControl.DockReplaceDockClient
 0001:000A378C       Controls.TWinControl.DoDockOver
 0001:000A36FC       Controls.TWinControl.DoEnter
 0001:000A371C       Controls.TWinControl.DoExit
 0001:000A0D80       Controls.TWinControl.DoFlipChildren
 0001:000A3C78       Controls.TWinControl.DoKeyDown
[...]
 0004:0000454C       Classes.GlobalFixupList
 0004:00004550       Classes.ThreadLock
 0004:00004568       Classes.InstBlockList
 0004:0000456C       Classes.InstFreeList
 0004:00004570       HelpIntfs..2
 0004:00004574       HelpIntfs.HelpManager
 0004:00004578       MultiMon.GetSystemMetrics
 0004:0000457C       MultiMon.MonitorFromWindow
 0004:00004580       MultiMon.MonitorFromRect
 0004:00004584       MultiMon.MonitorFromPoint
 0004:00004588       MultiMon.GetMonitorInfo
 0004:0000458C       MultiMon.GetMonitorInfoA
 0004:00004590       MultiMon.GetMonitorInfoW
 0004:00004594       MultiMon.EnumDisplayMonitors
 0004:00004598       MultiMon..1
 0004:0000459C       MultiMon.User32Dll
 0004:000045A0       MultiMon.InitApis
 0004:000045A8       MultiMon.MMAvailable
 0004:000045AC       IniFiles..8
 0004:000045B0       Registry..5
 0004:000045B4       Graphics.SystemPalette16
 0004:000045B8       Graphics..12
 0004:000045BC       Graphics.ScreenLogPixels
 0004:000045C0       Graphics.StockPen
 0004:000045C4       Graphics.StockBrush
 0004:000045C8       Graphics.StockFont
 0004:000045CC       Graphics.StockIcon
 0004:000045D0       Graphics.BitmapImageLock
 0004:000045E8       Graphics.CounterLock
 0004:00004600       Graphics.FontManager
 0004:00004604       Graphics.PenManager
 0004:00004608       Graphics.BrushManager
 0004:0000460C       Graphics.CanvasList
 0004:00004610       Graphics.PatternManager
 0004:00004614       UxTheme.OpenThemeData
 0004:00004618       UxTheme.CloseThemeData
 0004:0000461C       UxTheme.DrawThemeBackground
 0004:00004620       UxTheme.DrawThemeText
 0004:00004624       UxTheme.GetThemeBackgroundContentRect
 0004:00004628       UxTheme.GetThemeBackgroundExtent
 0004:0000462C       UxTheme.GetThemePartSize
 0004:00004630       UxTheme.GetThemeTextExtent
 0004:00004634       UxTheme.GetThemeTextMetrics
 0004:00004638       UxTheme.GetThemeBackgroundRegion
 0004:0000463C       UxTheme.HitTestThemeBackground
 0004:00004640       UxTheme.DrawThemeEdge
 0004:00004644       UxTheme.DrawThemeIcon
 0004:00004648       UxTheme.IsThemePartDefined
 0004:0000464C       UxTheme.IsThemeBackgroundPartiallyTransparent
 0004:00004650       UxTheme.GetThemeColor
 0004:00004654       UxTheme.GetThemeMetric
 0004:00004658       UxTheme.GetThemeString
 0004:0000465C       UxTheme.GetThemeBool
 0004:00004660       UxTheme.GetThemeInt
 0004:00004664       UxTheme.GetThemeEnumValue
 0004:00004668       UxTheme.GetThemePosition
 0004:0000466C       UxTheme.GetThemeFont
 0004:00004670       UxTheme.GetThemeRect
 0004:00004674       UxTheme.GetThemeMargins
 0004:00004678       UxTheme.GetThemeIntList
 0004:0000467C       UxTheme.GetThemePropertyOrigin
 0004:00004680       UxTheme.SetWindowTheme
 0004:00004684       UxTheme.GetThemeFilename
 0004:00004688       UxTheme.GetThemeSysColor
 0004:0000468C       UxTheme.GetThemeSysColorBrush
 0004:00004690       UxTheme.GetThemeSysBool
 0004:00004694       UxTheme.GetThemeSysSize
 0004:00004698       UxTheme.GetThemeSysFont
 0004:0000469C       UxTheme.GetThemeSysString
 0004:000046A0       UxTheme.GetThemeSysInt
 0004:000046A4       UxTheme.IsThemeActive
 0004:000046A8       UxTheme.IsAppThemed
 0004:000046AC       UxTheme.GetWindowTheme
 0004:000046B0       UxTheme.EnableThemeDialogTexture
 0004:000046B4       UxTheme.IsThemeDialogTextureEnabled
 0004:000046B8       UxTheme.GetThemeAppProperties
 0004:000046BC       UxTheme.SetThemeAppProperties
 0004:000046C0       UxTheme.GetCurrentThemeName
 0004:000046C4       UxTheme.GetThemeDocumentationProperty
 0004:000046C8       UxTheme.DrawThemeParentBackground
 0004:000046CC       UxTheme.EnableTheming
 0004:000046D0       UxTheme..1
 0004:000046D4       UxTheme.ThemeLibrary
 0004:000046D8       UxTheme.ReferenceCount
 0004:000046DC       UxTheme.Lock
 0004:000046E0       Printers..3
 0004:000046E4       GraphUtil..2
 0004:000046E8       ExtCtrls.TCustomTrayIcon.RM_TaskbarCreated
 0004:000046EC       ExtCtrls..83
 0004:000046F0       Dialogs..11
 0004:000046F4       Dialogs.HelpMsg
 0004:000046F8       Dialogs.FindMsg
 0004:000046FC       Clipbrd.CF_PICTURE
 0004:000046FE       Clipbrd.CF_COMPONENT
 0004:00004700       Clipbrd..2
 0004:00004704       Clipbrd.FClipboard
 0004:00004708       FlatSB.FlatSB_EnableScrollBar
 0004:0000470C       FlatSB.FlatSB_ShowScrollBar
 0004:00004710       FlatSB.FlatSB_GetScrollRange
 0004:00004714       FlatSB.FlatSB_GetScrollInfo
 0004:00004718       FlatSB.FlatSB_GetScrollPos
 0004:0000471C       FlatSB.FlatSB_SetScrollPos
 0004:00004720       FlatSB.FlatSB_SetScrollInfo
 0004:00004724       FlatSB.FlatSB_SetScrollRange
 0004:00004728       FlatSB..1
 0004:0000472C       FlatSB._FlatSB_GetScrollProp
 0004:00004730       FlatSB._FlatSB_SetScrollProp
 0004:00004734       FlatSB._InitializeFlatSB
 0004:00004738       FlatSB._UninitializeFlatSB
 0004:0000473C       Themes..2
 0004:00004740       Themes.InternalServices
 0004:00004744       Menus.PopupList
 0004:00004748       Menus.ShortCutItems
 0004:0000474C       Menus..01
 0004:00004750       Menus.CommandPool
 0004:00004754       Controls.Mouse
 0004:00004758       Controls.IsVCLControlHook
 0004:00004760       Controls.NewStyleControls
 0004:00004764       Controls..33
 0004:00004768       Controls.WindowAtom
 0004:0000476A       Controls.ControlAtom
 0004:0000476C       Controls.WindowAtomString
 0004:00004770       Controls.ControlAtomString
 0004:00004774       Controls.RM_GetObjectInstance
 0004:00004778       Controls.DragControl
 0004:0000477C       Controls.DragObject
 0004:00004780       Controls.DragInternalObject
 0004:00004784       Controls.DragCapture
 0004:00004788       Controls.DragStartPos
 0004:00004790       Controls.DragSaveCursor
 0004:00004794       Controls.DragThreshold
 0004:00004798       Controls.ActiveDrag
 0004:0000479C       Controls.DragImageList
 0004:000047A0       Controls.DockSiteList
 0004:000047A4       Controls.QualifyingSites
 0004:000047A8       Controls.DragSave
 0004:000047AC       Controls.CanvasList
 0004:000047B0       Controls._WINNLSEnableIME
 0004:000047B4       Controls._ImmGetContext
 0004:000047B8       Controls._ImmReleaseContext
 0004:000047BC       Controls._ImmGetConversionStatus
 0004:000047C0       Controls._ImmSetConversionStatus
 0004:000047C4       Controls._ImmSetOpenStatus
 0004:000047C8       Controls._ImmSetCompositionWindow
 0004:000047CC       Controls._ImmSetCompositionFont
 0004:000047D0       Controls._ImmGetCompositionString
 0004:000047D4       Controls._ImmIsIME
 0004:000047D8       Controls._ImmNotifyIME
 0004:000047DC       ImgList.CachedComCtrlVer
 0004:000047E0       ImgList.ImageListWriteExProc
 0004:000047E4       ActnList..9
 0004:000047E8       Forms.Application
 0004:000047EC       Forms.Screen
 0004:000047F0       Forms..41
 0004:000047F4       Forms.RM_TaskbarCreated
 0004:000047F8       Forms.HintThreadID
 0004:000047FC       Forms.HintDoneEvent
 0004:00004800       Forms.HintHook
 0004:00004804       Forms.HintThread
 0004:00004808       Forms.IdleTimerHandle
 0004:0000480C       TestLayoutManagersForm.Form9
 0005:00000000       System.RaiseListPtr
 0005:00000004       System.InOutRes
 0005:00000008       madExcept.LastInner
 0005:0000000C       madExcept.LastExceptObject
 0005:00000010       madExcept.LastExceptAddr
 0005:00000014       madExcept.LastContext
 0005:000000E0       madExcept.LastExceptionRecord
 0005:00000130       madExcept.LastExceptObject2
 0005:00000134       madExcept.LastExceptAddr2
 0005:00000138       madExcept.LastContext2
 0005:00000204       madExcept.IgnoreException
 0005:00000208       madExcept.isapiBugReport
 0005:0000020C       madExcept.isapiExceptAddr
 0005:00000210       Classes.GlobalLoaded
 0005:00000214       Classes.GlobalLists
 0005:00000218       GraphUtil.CachedHighlightLum
 0005:0000021C       GraphUtil.CachedHighlightColor
 0005:00000220       GraphUtil.CachedHighlight
 0005:00000224       GraphUtil.CachedShadowLum
 0005:00000228       GraphUtil.CachedShadowColor
 0005:0000022C       GraphUtil.CachedShadow
 0005:00000230       GraphUtil.CachedColorValue
 0005:00000234       GraphUtil.CachedLumValue
 0005:00000238       GraphUtil.CachedColorAdjustLuma
 0005:0000023C       SysInit.TlsLast


Line numbers for madLinkDisAsm(madLinkDisAsm.pas) segment .itext

    19 0002:00000254    27 0002:0000025D    30 0002:0000026A

Line numbers for ControlLayoutItem(ControlLayoutItem.pas) segment .text

    47 0001:000BB674    49 0001:000BB689    51 0001:000BB692    53 0001:000BB695
    65 0001:000BB6B0    67 0001:000BB6B6    72 0001:000BB6B8    74 0001:000BB6BE
    79 0001:000BB6C0    81 0001:000BB6C6    86 0001:000BB6C8    88 0001:000BB6CE
    94 0001:000BB6D0    96 0001:000BB6D8   101 0001:000BB6DC   103 0001:000BB6E4
   108 0001:000BB6E8   110 0001:000BB6F0   115 0001:000BB6F4   117 0001:000BB6FC
   119 0001:000BB72B

Line numbers for AuxDebugFunctionsUnit(D:\Common Delphi Libs\u_59968 Delphi Modules\AuxDebugFunctions\AuxDebugFunctionsUnit.pas) segment .text

    17 0001:000BB700    19 0001:000BB720    20 0001:000BB72B    24 0001:000BB748
    26 0001:000BB756    28 0001:000BB75E    30 0001:000BB765    32 0001:000BB775
    33 0001:000BB77B    35 0001:000BB788    37 0001:000BB7AB    28 0001:000BB7AC
    39 0001:000BB7AF    41 0001:000BB7C9    45 0001:000BB7D7    47 0001:000BB862

Line numbers for LayoutItem(LayoutItem.pas) segment .text

    59 0001:000BB8C4    62 0001:000BB8EC    63 0001:000BB8FD    66 0001:000BB915
    67 0001:000BB91B    70 0001:000BB94B    72 0001:000BB957    75 0001:000BB9B0
    77 0001:000BB9B4    79 0001:000BB9C8    82 0001:000BB9CC    84 0001:000BB9D2
    86 0001:000BB9F8    89 0001:000BB9FC    91 0001:000BBA00    93 0001:000BBA13
    96 0001:000BBA18    98 0001:000BBA1E   100 0001:000BBA30   103 0001:000BBA34
   105 0001:000BBA3A   106 0001:000BBA43   107 0001:000BBA4D   108 0001:000BBA59
   110 0001:000BBA66   113 0001:000BBA6C   115 0001:000BBA72   117 0001:000BBA84
   119 0001:000BBAB5

Line numbers for LayoutManager(LayoutManager.pas) segment .text

   175 0001:000BBCFC   177 0001:000BBD0E   179 0001:000BBD17   182 0001:000BBD34
   184 0001:000BBD3F   185 0001:000BBD47   187 0001:000BBD53   193 0001:000BBD64
   195 0001:000BBD76   197 0001:000BBD7F   200 0001:000BBD9C   202 0001:000BBD9F
   204 0001:000BBDA6   212 0001:000BBDA8   214 0001:000BBDAB   216 0001:000BBDB2
   217 0001:000BBDB6   219 0001:000BBDC1   221 0001:000BBDC3   226 0001:000BBDC8
   228 0001:000BBDD6   234 0001:000BBDD8   236 0001:000BBDDE   238 0001:000BBDE7
   242 0001:000BBDEC   244 0001:000BBDF4   245 0001:000BBDFF   246 0001:000BBE0D
   244 0001:000BBE0E   248 0001:000BBE11   250 0001:000BBE14   256 0001:000BBE1C
   257 0001:000BBE25   259 0001:000BBE2C   312 0001:000BBE30   314 0001:000BBE36
   316 0001:000BBE48   319 0001:000BBE4C   321 0001:000BBE52   327 0001:000BBE64
   339 0001:000BBE68   346 0001:000BBE71   343 0001:000BBE7C   346 0001:000BBE8C
   348 0001:000BBE96   349 0001:000BBEAA   351 0001:000BBEB1   343 0001:000BBEBA
   353 0001:000BBED3   355 0001:000BBEEB   358 0001:000BBEF4   360 0001:000BBF06
   362 0001:000BBF0F   364 0001:000BBF16   369 0001:000BBF30   371 0001:000BBF37
   373 0001:000BBF42   375 0001:000BBF45   377 0001:000BBF4F   398 0001:000BBF58
   400 0001:000BBF66   405 0001:000BBF68   407 0001:000BBF74   410 0001:000BBF78
   412 0001:000BBF83   413 0001:000BBF8B   415 0001:000BBF97   422 0001:000BBFA8
   424 0001:000BBFB0   429 0001:000BBFB4   431 0001:000BBFBA   432 0001:000BBFC6
   434 0001:000BBFCB   436 0001:000BBFD8   441 0001:000BBFDC   443 0001:000BBFE2
   450 0001:000BBFE4   455 0001:000BBFEC   458 0001:000BBFF0   460 0001:000BBFF3
   463 0001:000BBFFD   499 0001:000BC000   501 0001:000BC020   502 0001:000BC02D
   501 0001:000BC037   504 0001:000BC03D   506 0001:000BC03F   542 0001:000BC04C
   544 0001:000BC04F   547 0001:000BC050   549 0001:000BC054   551 0001:000BC05D
   553 0001:000BC062   555 0001:000BC06B   558 0001:000BC070   560 0001:000BC082
   562 0001:000BC08B   564 0001:000BC094   567 0001:000BC0B0   569 0001:000BC0BB
   571 0001:000BC0C7   573 0001:000BC103

Line numbers for BoxLayoutManager(BoxLayoutManager.pas) segment .text

   202 0001:000BC368   204 0001:000BC37A   206 0001:000BC383   208 0001:000BC38A
   213 0001:000BC3A4   215 0001:000BC3A7   220 0001:000BC3A8   222 0001:000BC3AB
   230 0001:000BC3AC   232 0001:000BC3B5   234 0001:000BC3C9   241 0001:000BC3D0
   243 0001:000BC3D9   247 0001:000BC3EF   248 0001:000BC3F4   250 0001:000BC3FD
   253 0001:000BC406   259 0001:000BC40C   261 0001:000BC411   269 0001:000BC414
   271 0001:000BC41C   274 0001:000BC42C   276 0001:000BC430   277 0001:000BC433
   279 0001:000BC436   285 0001:000BC449   291 0001:000BC450   293 0001:000BC45C
   298 0001:000BC460   300 0001:000BC46C   303 0001:000BC470   305 0001:000BC473
   308 0001:000BC481   314 0001:000BC484   316 0001:000BC488   319 0001:000BC496
   322 0001:000BC4A4   326 0001:000BC4B9   330 0001:000BC4BC   332 0001:000BC4BF
   335 0001:000BC4CB   337 0001:000BC4D2   341 0001:000BC4D4   343 0001:000BC4D7
   346 0001:000BC4E3   348 0001:000BC4EB   354 0001:000BC4F0   356 0001:000BC513
   359 0001:000BC521   362 0001:000BC52F   366 0001:000BC545   369 0001:000BC55B
   375 0001:000BC5AD   383 0001:000BC5FF   391 0001:000BC694   399 0001:000BC698
   423 0001:000BC69C   425 0001:000BC69F   428 0001:000BC6A6   429 0001:000BC6AA
   431 0001:000BC6AE   433 0001:000BC6B8   436 0001:000BC6BC   438 0001:000BC6BF
   440 0001:000BC6C6   443 0001:000BC6C8   445 0001:000BC6CB   447 0001:000BC6D2
   451 0001:000BC6D4   453 0001:000BC6DA   457 0001:000BC6EE   462 0001:000BC6F4
   464 0001:000BC702   478 0001:000BC704   480 0001:000BC716   482 0001:000BC71F
   486 0001:000BC73C   488 0001:000BC73F   492 0001:000BC751   502 0001:000BC754
   504 0001:000BC772   506 0001:000BC786   507 0001:000BC78E   509 0001:000BC797
   511 0001:000BC79C   513 0001:000BC7AE   504 0001:000BC7B7   515 0001:000BC7BA
   517 0001:000BC7BD   521 0001:000BC7CC   523 0001:000BC7D5   525 0001:000BC7E5
   527 0001:000BC7E7   532 0001:000BC7EC   534 0001:000BC7F5   536 0001:000BC805
   538 0001:000BC807   545 0001:000BC80C   547 0001:000BC82A   549 0001:000BC83E
   550 0001:000BC846   552 0001:000BC84F   554 0001:000BC854   556 0001:000BC866
   547 0001:000BC86F   558 0001:000BC872   560 0001:000BC875   563 0001:000BC884
   564 0001:000BC896   566 0001:000BC89F   570 0001:000BC8BC   572 0001:000BC8BF
   574 0001:000BC8CD   576 0001:000BC8FD

Line numbers for HorizontalBoxLayoutManager(HorizontalBoxLayoutManager.pas) segment .text

    54 0001:000BC9FC    56 0001:000BCA05    57 0001:000BCA18    59 0001:000BCA28
    65 0001:000BCA30    67 0001:000BCA3B    74 0001:000BCA40    71 0001:000BCA4F
    74 0001:000BCA5F    76 0001:000BCA69    78 0001:000BCA6C    80 0001:000BCA75
    81 0001:000BCA80    71 0001:000BCA83    83 0001:000BCA9C    85 0001:000BCAB4
    94 0001:000BCAC0    96 0001:000BCACB    99 0001:000BCADC   101 0001:000BCAE0
   104 0001:000BCAEF   108 0001:000BCAF9   110 0001:000BCB0E   115 0001:000BCB1D
   117 0001:000BCB20   124 0001:000BCB33   108 0001:000BCB34   126 0001:000BCB37
   130 0001:000BCB40   137 0001:000BCB4A   134 0001:000BCB59   137 0001:000BCB69
   134 0001:000BCB7D   137 0001:000BCB96   139 0001:000BCBAE   144 0001:000BCBB4
   145 0001:000BCBC6   147 0001:000BCBCF   152 0001:000BCBEC   154 0001:000BCBF8
   156 0001:000BCC27

Line numbers for VerticalBoxLayoutManager(VerticalBoxLayoutManager.pas) segment .text

    56 0001:000BCD28    58 0001:000BCD31    59 0001:000BCD44    61 0001:000BCD53
    67 0001:000BCD5C    69 0001:000BCD67    76 0001:000BCD6C    73 0001:000BCD7B
    76 0001:000BCD8B    78 0001:000BCD95    80 0001:000BCD98    82 0001:000BCDA1
    83 0001:000BCDAC    73 0001:000BCDAF    85 0001:000BCDC8    87 0001:000BCDE0
    91 0001:000BCDEC    98 0001:000BCDF6    95 0001:000BCE05    98 0001:000BCE15
    95 0001:000BCE29    98 0001:000BCE42   100 0001:000BCE5A   111 0001:000BCE60
   113 0001:000BCE6B   116 0001:000BCE7C   118 0001:000BCE80   121 0001:000BCE90
   129 0001:000BCE9A   131 0001:000BCEAF   135 0001:000BCEBE   137 0001:000BCEC1
   145 0001:000BCED5   129 0001:000BCED6   147 0001:000BCED9   152 0001:000BCEE0
   153 0001:000BCEF2   155 0001:000BCEFB   160 0001:000BCF18   162 0001:000BCF24
   164 0001:000BCF53

Line numbers for VariantTypeUnit(D:\Common Delphi Libs\u_59968 Delphi Modules\DBDataTableForm\VariantTypeUnit.pas) segment .text

    30 0001:000BCF90    32 0001:000BCFA5    34 0001:000BCFAE    36 0001:000BCFB8
    45 0001:000BCFD3

Line numbers for VariantListUnit(VariantListUnit.pas) segment .text

    53 0001:000BD0A4    55 0001:000BD0B6    57 0001:000BD0BF    60 0001:000BD0DC
    62 0001:000BD0E2    64 0001:000BD0F3    70 0001:000BD0F8    72 0001:000BD122
    74 0001:000BD127    76 0001:000BD135    78 0001:000BD147    82 0001:000BD162
    83 0001:000BD16A    87 0001:000BD174   103 0001:000BD19C   105 0001:000BD1A1
   126 0001:000BD1A4   128 0001:000BD1B2   131 0001:000BD1B4   133 0001:000BD1BD
   135 0001:000BD1D0   140 0001:000BD1D4   141 0001:000BD1D9   143 0001:000BD1E0
   145 0001:000BD20F

Line numbers for ColumnarCellAlignedLayoutManager(ColumnarCellAlignedLayoutManager.pas) segment .text

    76 0001:000BD320    78 0001:000BD343    79 0001:000BD345    81 0001:000BD34A
    86 0001:000BD35A    89 0001:000BD367    90 0001:000BD36D    92 0001:000BD37C
    94 0001:000BD380    96 0001:000BD391   100 0001:000BD3A8   103 0001:000BD3AA
    83 0001:000BD3C1   107 0001:000BD3D0   108 0001:000BD3D6   112 0001:000BD3EE
   114 0001:000BD3F6   115 0001:000BD3FE   119 0001:000BD411   122 0001:000BD440
   124 0001:000BD443   126 0001:000BD44A   128 0001:000BD451   131 0001:000BD454
   133 0001:000BD45F   134 0001:000BD467   136 0001:000BD473   142 0001:000BD484
   144 0001:000BD49E   146 0001:000BD4A3   147 0001:000BD4D2   148 0001:000BD4D7
   146 0001:000BD4DA   148 0001:000BD4F3   150 0001:000BD50B   166 0001:000BD530
   168 0001:000BD54A   169 0001:000BD577   171 0001:000BD57B   172 0001:000BD57D
   168 0001:000BD584   174 0001:000BD59D   176 0001:000BD5B5   178 0001:000BD5B7
   180 0001:000BD5DC   182 0001:000BD607   183 0001:000BD611   185 0001:000BD625
   192 0001:000BD62A   189 0001:000BD63A   192 0001:000BD64D   194 0001:000BD657
   196 0001:000BD65A   198 0001:000BD66B   200 0001:000BD67B   203 0001:000BD68C
   209 0001:000BD6A5   210 0001:000BD6AB   213 0001:000BD6AF   219 0001:000BD6C5
   220 0001:000BD6CE   222 0001:000BD6D9   224 0001:000BD6DB   189 0001:000BD6F5
   226 0001:000BD712   228 0001:000BD72A   230 0001:000BD735   232 0001:000BD73B
   234 0001:000BD747   246 0001:000BD770   253 0001:000BD795   250 0001:000BD7A4
   253 0001:000BD7B7   255 0001:000BD7C2   257 0001:000BD7CB   259 0001:000BD7E1
   261 0001:000BD7F2   263 0001:000BD809   265 0001:000BD815   267 0001:000BD821
   268 0001:000BD832   273 0001:000BD896   278 0001:000BD8F2   280 0001:000BD916
   261 0001:000BD917   284 0001:000BD922   285 0001:000BD92E   288 0001:000BD93C
   295 0001:000BD955   282 0001:000BD972   303 0001:000BD980   250 0001:000BD9A5
   305 0001:000BD9C2   307 0001:000BD9DA   312 0001:000BDAAC   313 0001:000BDABE
   315 0001:000BDAC7   320 0001:000BDAE4   322 0001:000BDAF0   324 0001:000BDB1F

Line numbers for TestLayoutManagersForm(TestLayoutManagersForm.pas) segment .text

    55 0001:000BDDC8    58 0001:000BDDCE   115 0001:000BE0D9   117 0001:000BE0E0
   118 0001:000BE0EC   120 0001:000BE0F8   122 0001:000BE0FF   124 0001:000BE132

Line numbers for TestLayoutManagersProject(D:\Common Delphi Libs\u_59968 Delphi Modules\Layout Managers\TestLayoutManagersProject.dpr) segment .itext

    23 0002:000009E4    24 0002:000009F4    25 0002:00000A00    26 0002:00000A18
    27 0002:00000A24

Bound resource files

c:\program files\borland\bds\4.0\lib\Controls.res
TestLayoutManagersForm.dfm
TestLayoutManagersProject.res
TestLayoutManagersProject.drf


Program entry point at 0002:000009E4
